2026-10-07T08:26:11.4270109Z Current runner version: '2.337.0'
2026-10-07T08:26:11.4307364Z ##[group]Runner Image Provisioner
2026-10-07T08:26:11.4308781Z Hosted Compute Agent
2026-10-07T08:26:11.4310014Z Version: 20260901.588
2026-10-07T08:26:11.4311181Z Commit: f88ec8081b781fac6c440065ac7ff9e710ce3d0b
2026-10-07T08:26:11.4312590Z Build Date: 2026-09-01T19:56:44Z
2026-10-07T08:26:11.4313901Z Worker ID: {1021811a-cd77-4d45-8f5b-bf2c2285a5de}
2026-10-07T08:26:11.4315268Z Azure Region: northcentralus
2026-10-07T08:26:11.4316696Z ##[endgroup]
2026-10-07T08:26:11.4320339Z ##[group]Operating System
2026-10-07T08:26:11.4321484Z Ubuntu
2026-10-07T08:26:11.4322543Z 24.04.5
2026-10-07T08:26:11.4323623Z LTS
2026-10-07T08:26:11.4324668Z ##[endgroup]
2026-10-07T08:26:11.4325663Z ##[group]Runner Image
2026-10-07T08:26:11.4326975Z Image: ubuntu-24.04
2026-10-07T08:26:11.4328953Z Version: 20260927.320.1
2026-10-07T08:26:11.4331083Z Included Software: https://github.com/actions/runner-images/blob/ubuntu24/20260927.320/images/ubuntu/Ubuntu2404-Readme.md
2026-10-07T08:26:11.4334009Z Image Release: https://github.com/actions/runner-images/releases/tag/ubuntu24%2F20260927.320
2026-10-07T08:26:11.4335755Z ##[endgroup]
2026-10-07T08:26:11.4338274Z ##[group]GITHUB_TOKEN Permissions
2026-10-07T08:26:11.4341496Z Contents: write
2026-10-07T08:26:11.4342533Z Metadata: read
2026-10-07T08:26:11.4343504Z ##[endgroup]
2026-10-07T08:26:11.4347305Z Secret source: Actions
2026-10-07T08:26:11.4349110Z Cache mode: write
2026-10-07T08:26:11.4351112Z Prepare workflow directory
2026-10-07T08:26:11.4943290Z Prepare all required actions
2026-10-07T08:26:11.5017472Z Getting action download info
2026-10-07T08:26:11.7445254Z Download action repository 'actions/checkout@d23441a48e516b6c34aea4fa41551a30e30af803' (SHA:d23441a48e516b6c34aea4fa41551a30e30af803)
2026-10-07T08:26:11.8461486Z Download action repository 'actions/setup-python@ece7cb06caefa5fff74198d8649806c4678c61a1' (SHA:ece7cb06caefa5fff74198d8649806c4678c61a1)
2026-10-07T08:26:12.0685719Z Complete job name: frozen-study
2026-10-07T08:26:12.1360670Z ##[group]Run echo "ITEM9_JOB_DEADLINE_UNIX=$(( $(date +%s) + 240 * 60 - 30 ))" >> "$GITHUB_ENV"
2026-10-07T08:26:12.1361840Z [36;1mecho "ITEM9_JOB_DEADLINE_UNIX=$(( $(date +%s) + 240 * 60 - 30 ))" >> "$GITHUB_ENV"[0m
2026-10-07T08:26:12.1661559Z shell: /usr/bin/bash -e {0}
2026-10-07T08:26:12.1662589Z env:
2026-10-07T08:26:12.1663204Z   OMP_NUM_THREADS: 2
2026-10-07T08:26:12.1663833Z   MKL_NUM_THREADS: 2
2026-10-07T08:26:12.1664449Z   OPENBLAS_NUM_THREADS: 2
2026-10-07T08:26:12.1665095Z   NUMEXPR_NUM_THREADS: 2
2026-10-07T08:26:12.1665735Z   VECLIB_MAXIMUM_THREADS: 2
2026-10-07T08:26:12.1666588Z   BLIS_NUM_THREADS: 2
2026-10-07T08:26:12.1667203Z   PYTHONHASHSEED: 0
2026-10-07T08:26:12.1667791Z   PYTHONUTF8: 1
2026-10-07T08:26:12.1668371Z   PYTHONUNBUFFERED: 1
2026-10-07T08:26:12.1669007Z   PYTEST_DISABLE_PLUGIN_AUTOLOAD: 1
2026-10-07T08:26:12.1669745Z   PIP_DISABLE_PIP_VERSION_CHECK: 1
2026-10-07T08:26:12.1670449Z   CUDA_VISIBLE_DEVICES: 
2026-10-07T08:26:12.1671115Z ##[endgroup]
2026-10-07T08:26:12.2069207Z ##[group]Run actions/checkout@d23441a48e516b6c34aea4fa41551a30e30af803
2026-10-07T08:26:12.2069971Z with:
2026-10-07T08:26:12.2070395Z   persist-credentials: true
2026-10-07T08:26:12.2070908Z   repository: Agnuxo1/NeuroPixel
2026-10-07T08:26:12.2074718Z   token: ***
2026-10-07T08:26:12.2075135Z   ssh-strict: true
2026-10-07T08:26:12.2075563Z   ssh-user: git
2026-10-07T08:26:12.2075976Z   clean: true
2026-10-07T08:26:12.2076730Z   sparse-checkout-cone-mode: true
2026-10-07T08:26:12.2077267Z   fetch-depth: 1
2026-10-07T08:26:12.2077708Z   fetch-tags: false
2026-10-07T08:26:12.2078145Z   show-progress: true
2026-10-07T08:26:12.2078577Z   lfs: false
2026-10-07T08:26:12.2078972Z   submodules: false
2026-10-07T08:26:12.2079404Z   set-safe-directory: true
2026-10-07T08:26:12.2079991Z   allow-unsafe-pr-checkout: false
2026-10-07T08:26:12.2080641Z env:
2026-10-07T08:26:12.2081037Z   OMP_NUM_THREADS: 2
2026-10-07T08:26:12.2081484Z   MKL_NUM_THREADS: 2
2026-10-07T08:26:12.2081962Z   OPENBLAS_NUM_THREADS: 2
2026-10-07T08:26:12.2082686Z   NUMEXPR_NUM_THREADS: 2
2026-10-07T08:26:12.2083155Z   VECLIB_MAXIMUM_THREADS: 2
2026-10-07T08:26:12.2083630Z   BLIS_NUM_THREADS: 2
2026-10-07T08:26:12.2084064Z   PYTHONHASHSEED: 0
2026-10-07T08:26:12.2084493Z   PYTHONUTF8: 1
2026-10-07T08:26:12.2084925Z   PYTHONUNBUFFERED: 1
2026-10-07T08:26:12.2085396Z   PYTEST_DISABLE_PLUGIN_AUTOLOAD: 1
2026-10-07T08:26:12.2085941Z   PIP_DISABLE_PIP_VERSION_CHECK: 1
2026-10-07T08:26:12.2086774Z   CUDA_VISIBLE_DEVICES: 
2026-10-07T08:26:12.2087337Z   ITEM9_JOB_DEADLINE_UNIX: 1791375942
2026-10-07T08:26:12.2087850Z ##[endgroup]
2026-10-07T08:26:12.3083498Z Syncing repository: Agnuxo1/NeuroPixel
2026-10-07T08:26:12.3086011Z ##[group]Getting Git version info
2026-10-07T08:26:12.3087536Z Working directory is '/home/runner/work/NeuroPixel/NeuroPixel'
2026-10-07T08:26:12.3089272Z [command]/usr/bin/git version
2026-10-07T08:26:12.3184399Z git version 2.55.0
2026-10-07T08:26:12.3213171Z ##[endgroup]
2026-10-07T08:26:12.3232878Z Temporarily overriding HOME='/home/runner/work/_temp/a12f37c6-0be0-471e-a390-39b8f1acae41' before making global git config changes
2026-10-07T08:26:12.3235300Z Adding repository directory to the temporary git global config as a safe directory
2026-10-07T08:26:12.3240524Z [command]/usr/bin/git config --global --add safe.directory /home/runner/work/NeuroPixel/NeuroPixel
2026-10-07T08:26:12.3302420Z Deleting the contents of '/home/runner/work/NeuroPixel/NeuroPixel'
2026-10-07T08:26:12.3307738Z ##[group]Determining repository object format
2026-10-07T08:26:12.3310249Z ##[endgroup]
2026-10-07T08:26:12.3311174Z ##[group]Initializing the repository
2026-10-07T08:26:12.3315922Z [command]/usr/bin/git init /home/runner/work/NeuroPixel/NeuroPixel
2026-10-07T08:26:12.3456059Z hint: Using 'master' as the name for the initial branch. This default branch name
2026-10-07T08:26:12.3458266Z hint: will change to "main" in Git 3.0. To configure the initial branch name
2026-10-07T08:26:12.3460223Z hint: to use in all of your new repositories, which will suppress this warning,
2026-10-07T08:26:12.3461570Z hint: call:
2026-10-07T08:26:12.3462074Z hint:
2026-10-07T08:26:12.3462669Z hint: 	git config --global init.defaultBranch <name>
2026-10-07T08:26:12.3463408Z hint:
2026-10-07T08:26:12.3464065Z hint: Names commonly chosen instead of 'master' are 'main', 'trunk' and
2026-10-07T08:26:12.3465303Z hint: 'development'. The just-created branch can be renamed via this command:
2026-10-07T08:26:12.3466165Z hint:
2026-10-07T08:26:12.3466949Z hint: 	git branch -m <name>
2026-10-07T08:26:12.3467429Z hint:
2026-10-07T08:26:12.3468628Z hint: Disable this message with "git config set advice.defaultBranchName false"
2026-10-07T08:26:12.3469805Z Initialized empty Git repository in /home/runner/work/NeuroPixel/NeuroPixel/.git/
2026-10-07T08:26:12.3472358Z [command]/usr/bin/git remote add origin https://github.com/Agnuxo1/NeuroPixel
2026-10-07T08:26:12.3531101Z ##[endgroup]
2026-10-07T08:26:12.3532357Z ##[group]Disabling automatic garbage collection
2026-10-07T08:26:12.3537122Z [command]/usr/bin/git config --local gc.auto 0
2026-10-07T08:26:12.3598261Z ##[endgroup]
2026-10-07T08:26:12.3599621Z ##[group]Setting up auth
2026-10-07T08:26:12.3600497Z Removing SSH command configuration
2026-10-07T08:26:12.3601767Z [command]/usr/bin/git config --local --name-only --get-regexp core\.sshCommand
2026-10-07T08:26:12.3627800Z [command]/usr/bin/git submodule foreach --recursive sh -c "git config --local --name-only --get-regexp 'core\.sshCommand' && git config --local --unset-all 'core.sshCommand' || :"
2026-10-07T08:26:12.4053909Z Removing HTTP extra header
2026-10-07T08:26:12.4061301Z [command]/usr/bin/git config --local --name-only --get-regexp http\.https\:\/\/github\.com\/\.extraheader
2026-10-07T08:26:12.4103311Z [command]/usr/bin/git submodule foreach --recursive sh -c "git config --local --name-only --get-regexp 'http\.https\:\/\/github\.com\/\.extraheader' && git config --local --unset-all 'http.https://github.com/.extraheader' || :"
2026-10-07T08:26:12.4331271Z Removing includeIf entries pointing to credentials config files
2026-10-07T08:26:12.4339852Z [command]/usr/bin/git config --local --name-only --get-regexp ^includeIf\.gitdir:
2026-10-07T08:26:12.4378558Z [command]/usr/bin/git submodule foreach --recursive git config --local --show-origin --name-only --get-regexp remote.origin.url
2026-10-07T08:26:12.4634677Z [command]/usr/bin/git config --file /home/runner/work/_temp/git-credentials-e29d4f08-e397-4caa-97fe-19c8ee4a8e72.config http.https://github.com/.extraheader AUTHORIZATION: basic ***
2026-10-07T08:26:12.4680389Z [command]/usr/bin/git config --local includeIf.gitdir:/home/runner/work/NeuroPixel/NeuroPixel/.git.path /home/runner/work/_temp/git-credentials-e29d4f08-e397-4caa-97fe-19c8ee4a8e72.config
2026-10-07T08:26:12.4718008Z [command]/usr/bin/git config --local includeIf.gitdir:/home/runner/work/NeuroPixel/NeuroPixel/.git/worktrees/*.path /home/runner/work/_temp/git-credentials-e29d4f08-e397-4caa-97fe-19c8ee4a8e72.config
2026-10-07T08:26:12.4758803Z [command]/usr/bin/git config --local includeIf.gitdir:/github/workspace/.git.path /github/runner_temp/git-credentials-e29d4f08-e397-4caa-97fe-19c8ee4a8e72.config
2026-10-07T08:26:12.4796786Z [command]/usr/bin/git config --local includeIf.gitdir:/github/workspace/.git/worktrees/*.path /github/runner_temp/git-credentials-e29d4f08-e397-4caa-97fe-19c8ee4a8e72.config
2026-10-07T08:26:12.4842967Z ##[endgroup]
2026-10-07T08:26:12.4844876Z ##[group]Fetching the repository
2026-10-07T08:26:12.4853714Z [command]/usr/bin/git -c protocol.version=2 fetch --no-tags --prune --no-recurse-submodules --depth=1 origin +83fe135e301f76bc0c74e30c66bb18e067ca5959:refs/remotes/origin/research/scientific-validation-2026-10-07-cloud
2026-10-07T08:26:13.2079552Z From https://github.com/Agnuxo1/NeuroPixel
2026-10-07T08:26:13.2084193Z  * [new ref]         83fe135e301f76bc0c74e30c66bb18e067ca5959 -> origin/research/scientific-validation-2026-10-07-cloud
2026-10-07T08:26:13.2094347Z [command]/usr/bin/git branch --list --remote origin/research/scientific-validation-2026-10-07-cloud
2026-10-07T08:26:13.2123568Z   origin/research/scientific-validation-2026-10-07-cloud
2026-10-07T08:26:13.2133562Z [command]/usr/bin/git rev-parse refs/remotes/origin/research/scientific-validation-2026-10-07-cloud
2026-10-07T08:26:13.2159028Z 83fe135e301f76bc0c74e30c66bb18e067ca5959
2026-10-07T08:26:13.2164392Z ##[endgroup]
2026-10-07T08:26:13.2166645Z ##[group]Determining the checkout info
2026-10-07T08:26:13.2168911Z ##[endgroup]
2026-10-07T08:26:13.2170407Z [command]/usr/bin/git sparse-checkout disable
2026-10-07T08:26:13.2226747Z [command]/usr/bin/git config --local --unset-all extensions.worktreeConfig
2026-10-07T08:26:13.2260032Z ##[group]Checking out the ref
2026-10-07T08:26:13.2265325Z [command]/usr/bin/git checkout --progress --force -B research/scientific-validation-2026-10-07-cloud refs/remotes/origin/research/scientific-validation-2026-10-07-cloud
2026-10-07T08:26:13.2952959Z Switched to a new branch 'research/scientific-validation-2026-10-07-cloud'
2026-10-07T08:26:13.2958625Z branch 'research/scientific-validation-2026-10-07-cloud' set up to track 'origin/research/scientific-validation-2026-10-07-cloud'.
2026-10-07T08:26:13.2970646Z ##[endgroup]
2026-10-07T08:26:13.3025939Z [command]/usr/bin/git log -1 --format=%H
2026-10-07T08:26:13.3055135Z 83fe135e301f76bc0c74e30c66bb18e067ca5959
2026-10-07T08:26:13.3445180Z ##[group]Run actions/setup-python@ece7cb06caefa5fff74198d8649806c4678c61a1
2026-10-07T08:26:13.3447222Z with:
2026-10-07T08:26:13.3448104Z   python-version: 3.12.8
2026-10-07T08:26:13.3449155Z   check-latest: false
2026-10-07T08:26:13.3459734Z   token: ***
2026-10-07T08:26:13.3460698Z   update-environment: true
2026-10-07T08:26:13.3461802Z   allow-prereleases: false
2026-10-07T08:26:13.3462890Z   freethreaded: false
2026-10-07T08:26:13.3463859Z env:
2026-10-07T08:26:13.3464688Z   OMP_NUM_THREADS: 2
2026-10-07T08:26:13.3465643Z   MKL_NUM_THREADS: 2
2026-10-07T08:26:13.3466783Z   OPENBLAS_NUM_THREADS: 2
2026-10-07T08:26:13.3467879Z   NUMEXPR_NUM_THREADS: 2
2026-10-07T08:26:13.3469156Z   VECLIB_MAXIMUM_THREADS: 2
2026-10-07T08:26:13.3470213Z   BLIS_NUM_THREADS: 2
2026-10-07T08:26:13.3471196Z   PYTHONHASHSEED: 0
2026-10-07T08:26:13.3472152Z   PYTHONUTF8: 1
2026-10-07T08:26:13.3473079Z   PYTHONUNBUFFERED: 1
2026-10-07T08:26:13.3474111Z   PYTEST_DISABLE_PLUGIN_AUTOLOAD: 1
2026-10-07T08:26:13.3475382Z   PIP_DISABLE_PIP_VERSION_CHECK: 1
2026-10-07T08:26:13.3476715Z   CUDA_VISIBLE_DEVICES: 
2026-10-07T08:26:13.3477796Z   ITEM9_JOB_DEADLINE_UNIX: 1791375942
2026-10-07T08:26:13.3478955Z ##[endgroup]
2026-10-07T08:26:13.4809984Z ##[group]Installed versions
2026-10-07T08:26:13.4832752Z Version 3.12.8 was not found in the local cache
2026-10-07T08:26:14.1668871Z Version 3.12.8 is available for downloading
2026-10-07T08:26:14.1669894Z Download from "https://github.com/actions/python-versions/releases/download/3.12.8-12154062663/python-3.12.8-linux-24.04-x64.tar.gz"
2026-10-07T08:26:14.8336334Z Extract downloaded archive
2026-10-07T08:26:14.8461239Z [command]/usr/bin/tar xz --warning=no-unknown-keyword --overwrite -C /home/runner/work/_temp/a91f5a10-5f3b-4215-89f2-201a73ce2717 -f /home/runner/work/_temp/35c9ba54-e207-453d-b427-1f53efa4690d
2026-10-07T08:26:16.8855123Z Execute installation script
2026-10-07T08:26:16.8960680Z Check if Python hostedtoolcache folder exist...
2026-10-07T08:26:16.8973335Z Create Python 3.12.8 folder
2026-10-07T08:26:16.8977635Z Copy Python binaries to hostedtoolcache folder
2026-10-07T08:26:17.3889720Z Create additional symlinks (Required for the UsePythonVersion Azure Pipelines task and the setup-python GitHub Action)
2026-10-07T08:26:17.3931862Z Upgrading pip...
2026-10-07T08:26:19.6759695Z Looking in links: /tmp/tmp27zzr62m
2026-10-07T08:26:19.6764595Z Requirement already satisfied: pip in /opt/hostedtoolcache/Python/3.12.8/x64/lib/python3.12/site-packages (24.3.1)
2026-10-07T08:26:20.7797110Z Collecting pip
2026-10-07T08:26:20.8124273Z Downloading pip-26.2.1-py3-none-any.whl.metadata (4.6 kB)
2026-10-07T08:26:20.8225562Z Downloading pip-26.2.1-py3-none-any.whl (1.8 MB)
2026-10-07T08:26:20.8682745Z ━━━━━━━━━━━━━━━━━━━━━━━━━━━━━━━━━━━━━━━━ 1.8/1.8 MB 63.6 MB/s eta 0:00:00
2026-10-07T08:26:20.8683921Z 
2026-10-07T08:26:20.8899670Z Installing collected packages: pip
2026-10-07T08:26:20.8901094Z Attempting uninstall: pip
2026-10-07T08:26:20.8938752Z Found existing installation: pip 24.3.1
2026-10-07T08:26:20.9351202Z Uninstalling pip-24.3.1:
2026-10-07T08:26:20.9410754Z Successfully uninstalled pip-24.3.1
2026-10-07T08:26:21.8958463Z Successfully installed pip-26.2.1
2026-10-07T08:26:21.9447990Z Create complete file
2026-10-07T08:26:21.9498696Z Successfully set up CPython (3.12.8)
2026-10-07T08:26:21.9500076Z ##[endgroup]
2026-10-07T08:26:21.9682450Z ##[group]Run python -m pip install --no-cache-dir torch==2.6.0 --index-url https://download.pytorch.org/whl/cpu
2026-10-07T08:26:21.9683329Z [36;1mpython -m pip install --no-cache-dir torch==2.6.0 --index-url https://download.pytorch.org/whl/cpu[0m
2026-10-07T08:26:21.9751597Z shell: /usr/bin/bash -e {0}
2026-10-07T08:26:21.9751937Z env:
2026-10-07T08:26:21.9752174Z   OMP_NUM_THREADS: 2
2026-10-07T08:26:21.9752461Z   MKL_NUM_THREADS: 2
2026-10-07T08:26:21.9752714Z   OPENBLAS_NUM_THREADS: 2
2026-10-07T08:26:21.9752995Z   NUMEXPR_NUM_THREADS: 2
2026-10-07T08:26:21.9753267Z   VECLIB_MAXIMUM_THREADS: 2
2026-10-07T08:26:21.9753540Z   BLIS_NUM_THREADS: 2
2026-10-07T08:26:21.9753824Z   PYTHONHASHSEED: 0
2026-10-07T08:26:21.9754088Z   PYTHONUTF8: 1
2026-10-07T08:26:21.9754351Z   PYTHONUNBUFFERED: 1
2026-10-07T08:26:21.9754647Z   PYTEST_DISABLE_PLUGIN_AUTOLOAD: 1
2026-10-07T08:26:21.9755002Z   PIP_DISABLE_PIP_VERSION_CHECK: 1
2026-10-07T08:26:21.9755337Z   CUDA_VISIBLE_DEVICES: 
2026-10-07T08:26:21.9755706Z   ITEM9_JOB_DEADLINE_UNIX: 1791375942
2026-10-07T08:26:21.9756125Z   pythonLocation: /opt/hostedtoolcache/Python/3.12.8/x64
2026-10-07T08:26:21.9756991Z   PKG_CONFIG_PATH: /opt/hostedtoolcache/Python/3.12.8/x64/lib/pkgconfig
2026-10-07T08:26:21.9757550Z   Python_ROOT_DIR: /opt/hostedtoolcache/Python/3.12.8/x64
2026-10-07T08:26:21.9758292Z   Python2_ROOT_DIR: /opt/hostedtoolcache/Python/3.12.8/x64
2026-10-07T08:26:21.9758794Z   Python3_ROOT_DIR: /opt/hostedtoolcache/Python/3.12.8/x64
2026-10-07T08:26:21.9759305Z   LD_LIBRARY_PATH: /opt/hostedtoolcache/Python/3.12.8/x64/lib
2026-10-07T08:26:21.9759729Z ##[endgroup]
2026-10-07T08:26:22.3044340Z Looking in indexes: https://download.pytorch.org/whl/cpu
2026-10-07T08:26:22.5411534Z Collecting torch==2.6.0
2026-10-07T08:26:22.6115227Z   Downloading torch-2.6.0%2Bcpu-cp312-cp312-linux_x86_64.whl.metadata (26 kB)
2026-10-07T08:26:22.6447218Z Collecting filelock (from torch==2.6.0)
2026-10-07T08:26:22.6915304Z   Downloading filelock-3.32.3-py3-none-any.whl.metadata (2.0 kB)
2026-10-07T08:26:22.7073463Z Collecting typing-extensions>=4.10.0 (from torch==2.6.0)
2026-10-07T08:26:22.7107257Z   Downloading typing_extensions-4.16.0-py3-none-any.whl.metadata (3.3 kB)
2026-10-07T08:26:22.7341530Z Collecting networkx (from torch==2.6.0)
2026-10-07T08:26:22.7373125Z   Downloading networkx-3.6.1-py3-none-any.whl.metadata (6.8 kB)
2026-10-07T08:26:22.7512935Z Collecting jinja2 (from torch==2.6.0)
2026-10-07T08:26:22.7556920Z   Downloading jinja2-3.1.6-py3-none-any.whl.metadata (2.9 kB)
2026-10-07T08:26:22.7765929Z Collecting fsspec (from torch==2.6.0)
2026-10-07T08:26:22.7800065Z   Downloading fsspec-2026.7.0-py3-none-any.whl.metadata (10 kB)
2026-10-07T08:26:22.8146414Z Collecting setuptools (from torch==2.6.0)
2026-10-07T08:26:22.8183788Z   Downloading setuptools-78.1.0-py3-none-any.whl.metadata (6.6 kB)
2026-10-07T08:26:22.8376983Z Collecting sympy==1.13.1 (from torch==2.6.0)
2026-10-07T08:26:22.8413903Z   Downloading sympy-1.13.1-py3-none-any.whl.metadata (12 kB)
2026-10-07T08:26:22.8587559Z Collecting mpmath<1.4,>=1.1.0 (from sympy==1.13.1->torch==2.6.0)
2026-10-07T08:26:22.8621487Z   Downloading mpmath-1.3.0-py3-none-any.whl.metadata (8.6 kB)
2026-10-07T08:26:22.8889602Z Collecting MarkupSafe>=2.0 (from jinja2->torch==2.6.0)
2026-10-07T08:26:22.8937479Z   Downloading markupsafe-3.0.3-cp312-cp312-manylinux2014_x86_64.manylinux_2_17_x86_64.manylinux_2_28_x86_64.whl.metadata (2.7 kB)
2026-10-07T08:26:22.9085900Z Downloading torch-2.6.0%2Bcpu-cp312-cp312-linux_x86_64.whl (178.6 MB)
2026-10-07T08:26:23.2995147Z    ━━━━━━━━━━━━━━━━━━━━━━━━━━━━━━━━━━━━━━━━ 178.6/178.6 MB 466.7 MB/s  0:00:00
2026-10-07T08:26:23.3030642Z Downloading sympy-1.13.1-py3-none-any.whl (6.2 MB)
2026-10-07T08:26:23.3749225Z    ━━━━━━━━━━━━━━━━━━━━━━━━━━━━━━━━━━━━━━━━ 6.2/6.2 MB 113.8 MB/s  0:00:00
2026-10-07T08:26:23.3785646Z Downloading mpmath-1.3.0-py3-none-any.whl (536 kB)
2026-10-07T08:26:23.3824240Z    ━━━━━━━━━━━━━━━━━━━━━━━━━━━━━━━━━━━━━━━━ 536.2/536.2 kB 169.8 MB/s  0:00:00
2026-10-07T08:26:23.3856980Z Downloading typing_extensions-4.16.0-py3-none-any.whl (45 kB)
2026-10-07T08:26:23.3891306Z Downloading filelock-3.32.3-py3-none-any.whl (98 kB)
2026-10-07T08:26:23.3924395Z Downloading fsspec-2026.7.0-py3-none-any.whl (206 kB)
2026-10-07T08:26:23.3973729Z Downloading jinja2-3.1.6-py3-none-any.whl (134 kB)
2026-10-07T08:26:23.4016223Z Downloading markupsafe-3.0.3-cp312-cp312-manylinux2014_x86_64.manylinux_2_17_x86_64.manylinux_2_28_x86_64.whl (22 kB)
2026-10-07T08:26:23.4049248Z Downloading networkx-3.6.1-py3-none-any.whl (2.1 MB)
2026-10-07T08:26:23.4140889Z    ━━━━━━━━━━━━━━━━━━━━━━━━━━━━━━━━━━━━━━━━ 2.1/2.1 MB 266.2 MB/s  0:00:00
2026-10-07T08:26:23.4183346Z Downloading setuptools-78.1.0-py3-none-any.whl (1.3 MB)
2026-10-07T08:26:23.4263622Z    ━━━━━━━━━━━━━━━━━━━━━━━━━━━━━━━━━━━━━━━━ 1.3/1.3 MB 236.5 MB/s  0:00:00
2026-10-07T08:26:23.7797047Z Installing collected packages: mpmath, typing-extensions, sympy, setuptools, networkx, MarkupSafe, fsspec, filelock, jinja2, torch
2026-10-07T08:26:42.5050347Z 
2026-10-07T08:26:42.5069337Z Successfully installed MarkupSafe-3.0.3 filelock-3.32.3 fsspec-2026.7.0 jinja2-3.1.6 mpmath-1.3.0 networkx-3.6.1 setuptools-78.1.0 sympy-1.13.1 torch-2.6.0+cpu typing-extensions-4.16.0
2026-10-07T08:26:42.5859221Z ##[group]Run python -m pip install --no-cache-dir -r requirements/research-cloud.txt
2026-10-07T08:26:42.5860050Z [36;1mpython -m pip install --no-cache-dir -r requirements/research-cloud.txt[0m
2026-10-07T08:26:42.5926807Z shell: /usr/bin/bash -e {0}
2026-10-07T08:26:42.5927123Z env:
2026-10-07T08:26:42.5927364Z   OMP_NUM_THREADS: 2
2026-10-07T08:26:42.5927638Z   MKL_NUM_THREADS: 2
2026-10-07T08:26:42.5927918Z   OPENBLAS_NUM_THREADS: 2
2026-10-07T08:26:42.5928220Z   NUMEXPR_NUM_THREADS: 2
2026-10-07T08:26:42.5928513Z   VECLIB_MAXIMUM_THREADS: 2
2026-10-07T08:26:42.5928806Z   BLIS_NUM_THREADS: 2
2026-10-07T08:26:42.5929082Z   PYTHONHASHSEED: 0
2026-10-07T08:26:42.5929350Z   PYTHONUTF8: 1
2026-10-07T08:26:42.5929613Z   PYTHONUNBUFFERED: 1
2026-10-07T08:26:42.5929923Z   PYTEST_DISABLE_PLUGIN_AUTOLOAD: 1
2026-10-07T08:26:42.5930281Z   PIP_DISABLE_PIP_VERSION_CHECK: 1
2026-10-07T08:26:42.5930615Z   CUDA_VISIBLE_DEVICES: 
2026-10-07T08:26:42.5930978Z   ITEM9_JOB_DEADLINE_UNIX: 1791375942
2026-10-07T08:26:42.5931409Z   pythonLocation: /opt/hostedtoolcache/Python/3.12.8/x64
2026-10-07T08:26:42.5931969Z   PKG_CONFIG_PATH: /opt/hostedtoolcache/Python/3.12.8/x64/lib/pkgconfig
2026-10-07T08:26:42.5932531Z   Python_ROOT_DIR: /opt/hostedtoolcache/Python/3.12.8/x64
2026-10-07T08:26:42.5933024Z   Python2_ROOT_DIR: /opt/hostedtoolcache/Python/3.12.8/x64
2026-10-07T08:26:42.5933525Z   Python3_ROOT_DIR: /opt/hostedtoolcache/Python/3.12.8/x64
2026-10-07T08:26:42.5934026Z   LD_LIBRARY_PATH: /opt/hostedtoolcache/Python/3.12.8/x64/lib
2026-10-07T08:26:42.5934450Z ##[endgroup]
2026-10-07T08:26:43.1957046Z Collecting numpy==2.2.6 (from -r requirements/research-cloud.txt (line 1))
2026-10-07T08:26:43.2432546Z   Downloading numpy-2.2.6-cp312-cp312-manylinux_2_17_x86_64.manylinux2014_x86_64.whl.metadata (62 kB)
2026-10-07T08:26:43.3859415Z Collecting scipy==1.15.1 (from -r requirements/research-cloud.txt (line 2))
2026-10-07T08:26:43.3905192Z   Downloading scipy-1.15.1-cp312-cp312-manylinux_2_17_x86_64.manylinux2014_x86_64.whl.metadata (61 kB)
2026-10-07T08:26:43.4249960Z Collecting pytest==9.1.1 (from -r requirements/research-cloud.txt (line 3))
2026-10-07T08:26:43.4281808Z   Downloading pytest-9.1.1-py3-none-any.whl.metadata (7.6 kB)
2026-10-07T08:26:43.4882838Z Collecting psutil==7.2.2 (from -r requirements/research-cloud.txt (line 4))
2026-10-07T08:26:43.4917758Z   Downloading psutil-7.2.2-cp36-abi3-manylinux2010_x86_64.manylinux_2_12_x86_64.manylinux_2_28_x86_64.whl.metadata (22 kB)
2026-10-07T08:26:43.6521484Z Collecting Pillow==12.3.0 (from -r requirements/research-cloud.txt (line 5))
2026-10-07T08:26:43.6557576Z   Downloading pillow-12.3.0-cp312-cp312-manylinux_2_27_x86_64.manylinux_2_28_x86_64.whl.metadata (9.1 kB)
2026-10-07T08:26:43.6677632Z Collecting iniconfig>=1.0.1 (from pytest==9.1.1->-r requirements/research-cloud.txt (line 3))
2026-10-07T08:26:43.6709596Z   Downloading iniconfig-2.3.1-py3-none-any.whl.metadata (2.8 kB)
2026-10-07T08:26:43.6820353Z Collecting packaging>=22 (from pytest==9.1.1->-r requirements/research-cloud.txt (line 3))
2026-10-07T08:26:43.6850524Z   Downloading packaging-26.3-py3-none-any.whl.metadata (3.5 kB)
2026-10-07T08:26:43.6928246Z Collecting pluggy<2,>=1.5 (from pytest==9.1.1->-r requirements/research-cloud.txt (line 3))
2026-10-07T08:26:43.6960205Z   Downloading pluggy-1.6.0-py3-none-any.whl.metadata (4.8 kB)
2026-10-07T08:26:43.7095362Z Collecting pygments>=2.7.2 (from pytest==9.1.1->-r requirements/research-cloud.txt (line 3))
2026-10-07T08:26:43.7128609Z   Downloading pygments-2.21.0-py3-none-any.whl.metadata (2.5 kB)
2026-10-07T08:26:43.7195155Z Downloading numpy-2.2.6-cp312-cp312-manylinux_2_17_x86_64.manylinux2014_x86_64.whl (16.5 MB)
2026-10-07T08:26:43.7680908Z    ━━━━━━━━━━━━━━━━━━━━━━━━━━━━━━━━━━━━━━━━ 16.5/16.5 MB 379.5 MB/s  0:00:00
2026-10-07T08:26:43.7723863Z Downloading scipy-1.15.1-cp312-cp312-manylinux_2_17_x86_64.manylinux2014_x86_64.whl (40.2 MB)
2026-10-07T08:26:43.8667931Z    ━━━━━━━━━━━━━━━━━━━━━━━━━━━━━━━━━━━━━━━━ 40.2/40.2 MB 436.9 MB/s  0:00:00
2026-10-07T08:26:43.8702923Z Downloading pytest-9.1.1-py3-none-any.whl (386 kB)
2026-10-07T08:26:43.8738821Z Downloading psutil-7.2.2-cp36-abi3-manylinux2010_x86_64.manylinux_2_12_x86_64.manylinux_2_28_x86_64.whl (155 kB)
2026-10-07T08:26:43.8771129Z Downloading pillow-12.3.0-cp312-cp312-manylinux_2_27_x86_64.manylinux_2_28_x86_64.whl (6.9 MB)
2026-10-07T08:26:43.8909272Z    ━━━━━━━━━━━━━━━━━━━━━━━━━━━━━━━━━━━━━━━━ 6.9/6.9 MB 587.5 MB/s  0:00:00
2026-10-07T08:26:43.8941180Z Downloading pluggy-1.6.0-py3-none-any.whl (20 kB)
2026-10-07T08:26:43.8972150Z Downloading iniconfig-2.3.1-py3-none-any.whl (7.6 kB)
2026-10-07T08:26:43.9004062Z Downloading packaging-26.3-py3-none-any.whl (129 kB)
2026-10-07T08:26:43.9043984Z Downloading pygments-2.21.0-py3-none-any.whl (1.3 MB)
2026-10-07T08:26:43.9078679Z    ━━━━━━━━━━━━━━━━━━━━━━━━━━━━━━━━━━━━━━━━ 1.3/1.3 MB 759.0 MB/s  0:00:00
2026-10-07T08:26:44.0874691Z Installing collected packages: pygments, psutil, pluggy, Pillow, packaging, numpy, iniconfig, scipy, pytest
2026-10-07T08:26:51.8101312Z 
2026-10-07T08:26:51.8124080Z Successfully installed Pillow-12.3.0 iniconfig-2.3.1 numpy-2.2.6 packaging-26.3 pluggy-1.6.0 psutil-7.2.2 pygments-2.21.0 pytest-9.1.1 scipy-1.15.1
2026-10-07T08:26:51.8951382Z ##[group]Run python scripts/research_item9_worker.py --phase study
2026-10-07T08:26:51.8951937Z [36;1mpython scripts/research_item9_worker.py --phase study[0m
2026-10-07T08:26:51.9016866Z shell: /usr/bin/bash -e {0}
2026-10-07T08:26:51.9017157Z env:
2026-10-07T08:26:51.9017379Z   OMP_NUM_THREADS: 2
2026-10-07T08:26:51.9017631Z   MKL_NUM_THREADS: 2
2026-10-07T08:26:51.9017890Z   OPENBLAS_NUM_THREADS: 2
2026-10-07T08:26:51.9018164Z   NUMEXPR_NUM_THREADS: 2
2026-10-07T08:26:51.9018435Z   VECLIB_MAXIMUM_THREADS: 2
2026-10-07T08:26:51.9018707Z   BLIS_NUM_THREADS: 2
2026-10-07T08:26:51.9018959Z   PYTHONHASHSEED: 0
2026-10-07T08:26:51.9019205Z   PYTHONUTF8: 1
2026-10-07T08:26:51.9019450Z   PYTHONUNBUFFERED: 1
2026-10-07T08:26:51.9019726Z   PYTEST_DISABLE_PLUGIN_AUTOLOAD: 1
2026-10-07T08:26:51.9020053Z   PIP_DISABLE_PIP_VERSION_CHECK: 1
2026-10-07T08:26:51.9020362Z   CUDA_VISIBLE_DEVICES: 
2026-10-07T08:26:51.9020662Z   ITEM9_JOB_DEADLINE_UNIX: 1791375942
2026-10-07T08:26:51.9021093Z   pythonLocation: /opt/hostedtoolcache/Python/3.12.8/x64
2026-10-07T08:26:51.9021605Z   PKG_CONFIG_PATH: /opt/hostedtoolcache/Python/3.12.8/x64/lib/pkgconfig
2026-10-07T08:26:51.9022111Z   Python_ROOT_DIR: /opt/hostedtoolcache/Python/3.12.8/x64
2026-10-07T08:26:51.9022564Z   Python2_ROOT_DIR: /opt/hostedtoolcache/Python/3.12.8/x64
2026-10-07T08:26:51.9023016Z   Python3_ROOT_DIR: /opt/hostedtoolcache/Python/3.12.8/x64
2026-10-07T08:26:51.9023471Z   LD_LIBRARY_PATH: /opt/hostedtoolcache/Python/3.12.8/x64/lib
2026-10-07T08:26:51.9023829Z ##[endgroup]
2026-10-07T08:26:57.6297825Z {"event": "evidence_archived", "at_utc": "2026-10-07T08:26:57.629436+00:00", "archive_commit": "b5f37ddcd435312ee7820a03a98c6b010ba8fd64", "snapshot_kind": "interim_partial", "files": 5}
2026-10-07T08:26:57.7191172Z {"event": "resource_heartbeat", "at_utc": "2026-10-07T08:26:57.717810+00:00", "phase": "contract_tests", "available_ram_gib": 14.534984588623047}
2026-10-07T08:27:03.2928192Z {"event": "evidence_archived", "at_utc": "2026-10-07T08:27:03.292470+00:00", "archive_commit": "da5b6675a987b6579c0744063af63f66db890bff", "snapshot_kind": "interim_partial", "files": 11}
2026-10-07T08:27:03.3833679Z {"event": "resource_heartbeat", "at_utc": "2026-10-07T08:27:03.382235+00:00", "phase": "train", "available_ram_gib": 14.445964813232422}
2026-10-07T08:28:03.4075218Z {"event": "resource_heartbeat", "at_utc": "2026-10-07T08:28:03.405013+00:00", "phase": "train", "available_ram_gib": 14.365894317626953}
2026-10-07T08:29:03.4318961Z {"event": "resource_heartbeat", "at_utc": "2026-10-07T08:29:03.429095+00:00", "phase": "train", "available_ram_gib": 14.357242584228516}
2026-10-07T08:30:03.4579410Z {"event": "resource_heartbeat", "at_utc": "2026-10-07T08:30:03.454460+00:00", "phase": "train", "available_ram_gib": 14.37204360961914}
2026-10-07T08:31:03.4848684Z {"event": "resource_heartbeat", "at_utc": "2026-10-07T08:31:03.480932+00:00", "phase": "train", "available_ram_gib": 14.345794677734375}
2026-10-07T08:32:03.5123890Z {"event": "resource_heartbeat", "at_utc": "2026-10-07T08:32:03.507951+00:00", "phase": "train", "available_ram_gib": 14.358882904052734}
2026-10-07T08:32:05.6260343Z {"event": "evidence_archived", "at_utc": "2026-10-07T08:32:05.625707+00:00", "archive_commit": "526a4720f861688c59d1b3312c07c8332ca16c15", "snapshot_kind": "interim_partial", "files": 27}
2026-10-07T08:33:03.5407648Z {"event": "resource_heartbeat", "at_utc": "2026-10-07T08:33:03.535647+00:00", "phase": "train", "available_ram_gib": 14.36053466796875}
2026-10-07T08:34:03.5693581Z {"event": "resource_heartbeat", "at_utc": "2026-10-07T08:34:03.563975+00:00", "phase": "train", "available_ram_gib": 14.359703063964844}
2026-10-07T08:35:03.5985080Z {"event": "resource_heartbeat", "at_utc": "2026-10-07T08:35:03.592438+00:00", "phase": "train", "available_ram_gib": 14.378597259521484}
2026-10-07T08:36:03.6266974Z {"event": "resource_heartbeat", "at_utc": "2026-10-07T08:36:03.620054+00:00", "phase": "train", "available_ram_gib": 14.379573822021484}
2026-10-07T08:37:03.6571875Z {"event": "resource_heartbeat", "at_utc": "2026-10-07T08:37:03.650071+00:00", "phase": "train", "available_ram_gib": 14.35445785522461}
2026-10-07T08:37:07.6886560Z {"event": "evidence_archived", "at_utc": "2026-10-07T08:37:07.688348+00:00", "archive_commit": "b9a01809d3a74d35ad90cac465ae69d092b9814c", "snapshot_kind": "interim_partial", "files": 41}
2026-10-07T08:38:03.6890614Z {"event": "resource_heartbeat", "at_utc": "2026-10-07T08:38:03.681234+00:00", "phase": "train", "available_ram_gib": 14.362346649169922}
2026-10-07T08:39:03.7205188Z {"event": "resource_heartbeat", "at_utc": "2026-10-07T08:39:03.712507+00:00", "phase": "train", "available_ram_gib": 14.356807708740234}
2026-10-07T08:40:03.7501981Z {"event": "resource_heartbeat", "at_utc": "2026-10-07T08:40:03.741921+00:00", "phase": "train", "available_ram_gib": 14.362640380859375}
2026-10-07T08:41:03.7825122Z {"event": "resource_heartbeat", "at_utc": "2026-10-07T08:41:03.773550+00:00", "phase": "train", "available_ram_gib": 14.352035522460938}
2026-10-07T08:42:03.8183175Z {"event": "resource_heartbeat", "at_utc": "2026-10-07T08:42:03.805454+00:00", "phase": "train", "available_ram_gib": 14.357341766357422}
2026-10-07T08:42:06.1571679Z {"event": "evidence_archived", "at_utc": "2026-10-07T08:42:06.156843+00:00", "archive_commit": "d408078b4f4481ff5c4eecf883db40bc3aa88767", "snapshot_kind": "interim_partial", "files": 41}
2026-10-07T08:43:03.8520334Z {"event": "resource_heartbeat", "at_utc": "2026-10-07T08:43:03.842110+00:00", "phase": "train", "available_ram_gib": 14.359176635742188}
2026-10-07T08:44:03.8859968Z {"event": "resource_heartbeat", "at_utc": "2026-10-07T08:44:03.875292+00:00", "phase": "train", "available_ram_gib": 14.345325469970703}
2026-10-07T08:45:03.9194351Z {"event": "resource_heartbeat", "at_utc": "2026-10-07T08:45:03.908115+00:00", "phase": "train", "available_ram_gib": 14.377086639404297}
2026-10-07T08:46:03.9522105Z {"event": "resource_heartbeat", "at_utc": "2026-10-07T08:46:03.941296+00:00", "phase": "train", "available_ram_gib": 14.37740707397461}
2026-10-07T08:47:03.9851705Z {"event": "resource_heartbeat", "at_utc": "2026-10-07T08:47:03.973057+00:00", "phase": "train", "available_ram_gib": 14.359241485595703}
2026-10-07T08:47:07.5417253Z {"event": "evidence_archived", "at_utc": "2026-10-07T08:47:07.541354+00:00", "archive_commit": "1d64df91d0e3277d2ab0dedccb6d6494b55874b0", "snapshot_kind": "interim_partial", "files": 55}
2026-10-07T08:48:04.0209095Z {"event": "resource_heartbeat", "at_utc": "2026-10-07T08:48:04.008651+00:00", "phase": "train", "available_ram_gib": 14.364028930664062}
2026-10-07T08:49:04.0561893Z {"event": "resource_heartbeat", "at_utc": "2026-10-07T08:49:04.043365+00:00", "phase": "train", "available_ram_gib": 14.359363555908203}
2026-10-07T08:50:04.0924363Z {"event": "resource_heartbeat", "at_utc": "2026-10-07T08:50:04.079321+00:00", "phase": "train", "available_ram_gib": 14.352485656738281}
2026-10-07T08:51:04.1279691Z {"event": "resource_heartbeat", "at_utc": "2026-10-07T08:51:04.113957+00:00", "phase": "train", "available_ram_gib": 14.358020782470703}
2026-10-07T08:52:04.1649002Z {"event": "resource_heartbeat", "at_utc": "2026-10-07T08:52:04.150758+00:00", "phase": "train", "available_ram_gib": 14.353458404541016}
2026-10-07T08:52:07.0283904Z {"event": "evidence_archived", "at_utc": "2026-10-07T08:52:07.028098+00:00", "archive_commit": "833b933df01ead9636bf2488bd8ccd7849310d3e", "snapshot_kind": "interim_partial", "files": 55}
2026-10-07T08:53:04.2034755Z {"event": "resource_heartbeat", "at_utc": "2026-10-07T08:53:04.188219+00:00", "phase": "train", "available_ram_gib": 14.352249145507812}
2026-10-07T08:54:04.2407228Z {"event": "resource_heartbeat", "at_utc": "2026-10-07T08:54:04.225915+00:00", "phase": "train", "available_ram_gib": 14.354351043701172}
2026-10-07T08:55:04.2785600Z {"event": "resource_heartbeat", "at_utc": "2026-10-07T08:55:04.263037+00:00", "phase": "train", "available_ram_gib": 14.364784240722656}
2026-10-07T08:56:04.3135245Z {"event": "resource_heartbeat", "at_utc": "2026-10-07T08:56:04.299777+00:00", "phase": "train", "available_ram_gib": 14.365238189697266}
2026-10-07T08:57:04.3537992Z {"event": "resource_heartbeat", "at_utc": "2026-10-07T08:57:04.336634+00:00", "phase": "train", "available_ram_gib": 14.339031219482422}
2026-10-07T08:57:08.1724425Z {"event": "evidence_archived", "at_utc": "2026-10-07T08:57:08.172120+00:00", "archive_commit": "e9631af65ab7030616a64806e11a8ce66a461338", "snapshot_kind": "interim_partial", "files": 69}
2026-10-07T08:58:04.3959043Z {"event": "resource_heartbeat", "at_utc": "2026-10-07T08:58:04.377507+00:00", "phase": "train", "available_ram_gib": 14.341789245605469}
2026-10-07T08:59:04.4381390Z {"event": "resource_heartbeat", "at_utc": "2026-10-07T08:59:04.419843+00:00", "phase": "train", "available_ram_gib": 14.343299865722656}
2026-10-07T09:00:04.4802663Z {"event": "resource_heartbeat", "at_utc": "2026-10-07T09:00:04.462153+00:00", "phase": "train", "available_ram_gib": 14.327667236328125}
2026-10-07T09:01:04.5217397Z {"event": "resource_heartbeat", "at_utc": "2026-10-07T09:01:04.503005+00:00", "phase": "train", "available_ram_gib": 14.33242416381836}
2026-10-07T09:02:04.5638456Z {"event": "resource_heartbeat", "at_utc": "2026-10-07T09:02:04.544444+00:00", "phase": "train", "available_ram_gib": 14.332233428955078}
2026-10-07T09:02:07.7181379Z {"event": "evidence_archived", "at_utc": "2026-10-07T09:02:07.717823+00:00", "archive_commit": "bac8a0ba3e09ae63701f48b8929656c4f4e3f3a0", "snapshot_kind": "interim_partial", "files": 69}
2026-10-07T09:03:04.6063249Z {"event": "resource_heartbeat", "at_utc": "2026-10-07T09:03:04.586875+00:00", "phase": "train", "available_ram_gib": 14.340709686279297}
2026-10-07T09:04:04.6486277Z {"event": "resource_heartbeat", "at_utc": "2026-10-07T09:04:04.627846+00:00", "phase": "train", "available_ram_gib": 14.33725357055664}
2026-10-07T09:05:04.6939252Z {"event": "resource_heartbeat", "at_utc": "2026-10-07T09:05:04.672417+00:00", "phase": "train", "available_ram_gib": 14.352188110351562}
2026-10-07T09:06:04.7404614Z {"event": "resource_heartbeat", "at_utc": "2026-10-07T09:06:04.717479+00:00", "phase": "train", "available_ram_gib": 14.352485656738281}
2026-10-07T09:07:04.7859364Z {"event": "resource_heartbeat", "at_utc": "2026-10-07T09:07:04.763904+00:00", "phase": "train", "available_ram_gib": 14.341033935546875}
2026-10-07T09:07:08.9423629Z {"event": "evidence_archived", "at_utc": "2026-10-07T09:07:08.942052+00:00", "archive_commit": "195eacdcd316804612687e1b528c4dd923ffad41", "snapshot_kind": "interim_partial", "files": 83}
2026-10-07T09:08:04.8308449Z {"event": "resource_heartbeat", "at_utc": "2026-10-07T09:08:04.808606+00:00", "phase": "train", "available_ram_gib": 14.341670989990234}
2026-10-07T09:09:04.8779440Z {"event": "resource_heartbeat", "at_utc": "2026-10-07T09:09:04.854561+00:00", "phase": "train", "available_ram_gib": 14.340747833251953}
2026-10-07T09:10:04.9254644Z {"event": "resource_heartbeat", "at_utc": "2026-10-07T09:10:04.901780+00:00", "phase": "train", "available_ram_gib": 14.33736801147461}
2026-10-07T09:11:04.9731178Z {"event": "resource_heartbeat", "at_utc": "2026-10-07T09:11:04.948608+00:00", "phase": "train", "available_ram_gib": 14.326057434082031}
2026-10-07T09:12:05.0226663Z {"event": "resource_heartbeat", "at_utc": "2026-10-07T09:12:04.996625+00:00", "phase": "train", "available_ram_gib": 14.338874816894531}
2026-10-07T09:12:07.8084295Z {"event": "evidence_archived", "at_utc": "2026-10-07T09:12:07.808168+00:00", "archive_commit": "15fbcb08bbb9bf6cf4b67fab9626d40a68ccdd29", "snapshot_kind": "interim_partial", "files": 83}
2026-10-07T09:13:05.0705962Z {"event": "resource_heartbeat", "at_utc": "2026-10-07T09:13:05.045202+00:00", "phase": "train", "available_ram_gib": 14.331329345703125}
2026-10-07T09:14:05.1181401Z {"event": "resource_heartbeat", "at_utc": "2026-10-07T09:14:05.092549+00:00", "phase": "train", "available_ram_gib": 14.340255737304688}
2026-10-07T09:15:05.1629496Z {"event": "resource_heartbeat", "at_utc": "2026-10-07T09:15:05.139009+00:00", "phase": "train", "available_ram_gib": 14.353218078613281}
2026-10-07T09:16:05.2105077Z {"event": "resource_heartbeat", "at_utc": "2026-10-07T09:16:05.184420+00:00", "phase": "train", "available_ram_gib": 14.353988647460938}
2026-10-07T09:16:15.4916234Z {"event": "evidence_archived", "at_utc": "2026-10-07T09:16:15.491317+00:00", "archive_commit": "2e58f5deb47f5676e8663d666d9db7ea98e3e080", "snapshot_kind": "interim_partial", "files": 99}
2026-10-07T09:16:15.5828353Z {"event": "resource_heartbeat", "at_utc": "2026-10-07T09:16:15.581847+00:00", "phase": "final", "available_ram_gib": 14.603931427001953}
2026-10-07T09:17:15.6041158Z {"event": "resource_heartbeat", "at_utc": "2026-10-07T09:17:15.601862+00:00", "phase": "final", "available_ram_gib": 14.409072875976562}
2026-10-07T09:17:53.5441939Z {"event": "evidence_archived", "at_utc": "2026-10-07T09:17:53.543884+00:00", "archive_commit": "0a127eda8dac6a5556efc5f6c53cb4abeb2ee990", "snapshot_kind": "interim_partial", "files": 133}
2026-10-07T09:17:55.7550918Z {"event": "evidence_archived", "at_utc": "2026-10-07T09:17:55.754815+00:00", "archive_commit": "b64d0e2ba222df76caf72bc9870c7602873e7236", "snapshot_kind": "final", "files": 134}
2026-10-07T09:17:55.7781487Z Post job cleanup.
2026-10-07T09:17:55.9263939Z Post job cleanup.
2026-10-07T09:17:56.0277577Z [command]/usr/bin/git version
2026-10-07T09:17:56.0333161Z git version 2.55.0
2026-10-07T09:17:56.0392175Z Temporarily overriding HOME='/home/runner/work/_temp/c4628bf4-a8c8-4e11-9c3e-e42a9ebf51eb' before making global git config changes
2026-10-07T09:17:56.0393677Z Adding repository directory to the temporary git global config as a safe directory
2026-10-07T09:17:56.0400463Z [command]/usr/bin/git config --global --add safe.directory /home/runner/work/NeuroPixel/NeuroPixel
2026-10-07T09:17:56.0463679Z Removing SSH command configuration
2026-10-07T09:17:56.0472025Z [command]/usr/bin/git config --local --name-only --get-regexp core\.sshCommand
2026-10-07T09:17:56.0515952Z [command]/usr/bin/git submodule foreach --recursive sh -c "git config --local --name-only --get-regexp 'core\.sshCommand' && git config --local --unset-all 'core.sshCommand' || :"
2026-10-07T09:17:56.0907383Z Removing HTTP extra header
2026-10-07T09:17:56.0918065Z [command]/usr/bin/git config --local --name-only --get-regexp http\.https\:\/\/github\.com\/\.extraheader
2026-10-07T09:17:56.0940545Z [command]/usr/bin/git submodule foreach --recursive sh -c "git config --local --name-only --get-regexp 'http\.https\:\/\/github\.com\/\.extraheader' && git config --local --unset-all 'http.https://github.com/.extraheader' || :"
2026-10-07T09:17:56.1427346Z Removing includeIf entries pointing to credentials config files
2026-10-07T09:17:56.1447802Z [command]/usr/bin/git config --local --name-only --get-regexp ^includeIf\.gitdir:
2026-10-07T09:17:56.1448994Z includeif.gitdir:/home/runner/work/NeuroPixel/NeuroPixel/.git.path
2026-10-07T09:17:56.1450015Z includeif.gitdir:/home/runner/work/NeuroPixel/NeuroPixel/.git/worktrees/*.path
2026-10-07T09:17:56.1450883Z includeif.gitdir:/github/workspace/.git.path
2026-10-07T09:17:56.1452193Z includeif.gitdir:/github/workspace/.git/worktrees/*.path
2026-10-07T09:17:56.1454512Z [command]/usr/bin/git config --local --get-all includeif.gitdir:/home/runner/work/NeuroPixel/NeuroPixel/.git.path
2026-10-07T09:17:56.1506286Z /home/runner/work/_temp/git-credentials-e29d4f08-e397-4caa-97fe-19c8ee4a8e72.config
2026-10-07T09:17:56.1535356Z [command]/usr/bin/git config --local --unset includeif.gitdir:/home/runner/work/NeuroPixel/NeuroPixel/.git.path /home/runner/work/_temp/git-credentials-e29d4f08-e397-4caa-97fe-19c8ee4a8e72.config
2026-10-07T09:17:56.1640998Z [command]/usr/bin/git config --local --get-all includeif.gitdir:/home/runner/work/NeuroPixel/NeuroPixel/.git/worktrees/*.path
2026-10-07T09:17:56.1654750Z /home/runner/work/_temp/git-credentials-e29d4f08-e397-4caa-97fe-19c8ee4a8e72.config
2026-10-07T09:17:56.1657749Z [command]/usr/bin/git config --local --unset includeif.gitdir:/home/runner/work/NeuroPixel/NeuroPixel/.git/worktrees/*.path /home/runner/work/_temp/git-credentials-e29d4f08-e397-4caa-97fe-19c8ee4a8e72.config
2026-10-07T09:17:56.1716751Z [command]/usr/bin/git config --local --get-all includeif.gitdir:/github/workspace/.git.path
2026-10-07T09:17:56.1736285Z /github/runner_temp/git-credentials-e29d4f08-e397-4caa-97fe-19c8ee4a8e72.config
2026-10-07T09:17:56.1748212Z [command]/usr/bin/git config --local --unset includeif.gitdir:/github/workspace/.git.path /github/runner_temp/git-credentials-e29d4f08-e397-4caa-97fe-19c8ee4a8e72.config
2026-10-07T09:17:56.1791774Z [command]/usr/bin/git config --local --get-all includeif.gitdir:/github/workspace/.git/worktrees/*.path
2026-10-07T09:17:56.1823424Z /github/runner_temp/git-credentials-e29d4f08-e397-4caa-97fe-19c8ee4a8e72.config
2026-10-07T09:17:56.1833346Z [command]/usr/bin/git config --local --unset includeif.gitdir:/github/workspace/.git/worktrees/*.path /github/runner_temp/git-credentials-e29d4f08-e397-4caa-97fe-19c8ee4a8e72.config
2026-10-07T09:17:56.1878816Z [command]/usr/bin/git submodule foreach --recursive git config --local --show-origin --name-only --get-regexp remote.origin.url
2026-10-07T09:17:56.2147551Z Removing credentials config '/home/runner/work/_temp/git-credentials-e29d4f08-e397-4caa-97fe-19c8ee4a8e72.config'
2026-10-07T09:17:56.2305711Z Cleaning up orphan processes
