{"event": "growth_preflight", "resources": {"at_utc": "2026-10-07T04:58:26.728923+00:00", "available_ram_gib": 14.487133026123047}, "environment": {"python": "3.12.8", "platform": "Linux-6.17.0-1022-azure-x86_64-with-glibc2.39", "versions": {"numpy": "2.2.6", "torch": "2.6.0+cpu", "psutil": "7.2.2", "pytest": "9.1.1", "scipy": "1.15.1"}, "device": "cpu", "threads": 2, "cuda_runtime": null, "gpu_name": null, "deterministic_algorithms": true, "cublas_workspace_config": ":4096:8", "cudnn_benchmark": false, "cudnn_deterministic": true, "matmul_tf32": false, "cudnn_tf32": false}}
{"event": "growth_update", "trajectory": "fixed_sequential_i20", "stage": 0, "update": 128, "answer_cross_entropy": 1.7713416814804077, "school_cross_entropy": 0.023279627785086632, "objective": 1.7783255577087402, "gradient_norm_before_clip": 3.3954946994781494}
{"event": "growth_update", "trajectory": "fixed_sequential_i20", "stage": 0, "update": 256, "answer_cross_entropy": 1.8677077293395996, "school_cross_entropy": 0.013221180066466331, "objective": 1.8716740608215332, "gradient_norm_before_clip": 3.1730422973632812}
{"event": "growth_update", "trajectory": "fixed_sequential_i20", "stage": 0, "update": 384, "answer_cross_entropy": 1.8016802072525024, "school_cross_entropy": 0.009598134085536003, "objective": 1.804559588432312, "gradient_norm_before_clip": 1.7963156700134277}
{"event": "growth_update", "trajectory": "fixed_sequential_i20", "stage": 0, "update": 512, "answer_cross_entropy": 1.7576760053634644, "school_cross_entropy": 0.006953535135835409, "objective": 1.7597620487213135, "gradient_norm_before_clip": 1.9413044452667236}
{"event": "growth_update", "trajectory": "fixed_sequential_i20", "stage": 1, "update": 128, "answer_cross_entropy": 1.7753171920776367, "school_cross_entropy": 0.008643221110105515, "objective": 1.7779101133346558, "gradient_norm_before_clip": 1.7814418077468872}
{"event": "growth_update", "trajectory": "fixed_sequential_i20", "stage": 1, "update": 256, "answer_cross_entropy": 1.7191742658615112, "school_cross_entropy": 0.006649605464190245, "objective": 1.721169114112854, "gradient_norm_before_clip": 2.2782139778137207}
{"event": "growth_update", "trajectory": "fixed_sequential_i20", "stage": 1, "update": 384, "answer_cross_entropy": 1.7336198091506958, "school_cross_entropy": 0.009155848063528538, "objective": 1.7363665103912354, "gradient_norm_before_clip": 2.079963207244873}
{"event": "growth_update", "trajectory": "fixed_sequential_i20", "stage": 1, "update": 512, "answer_cross_entropy": 1.7920764684677124, "school_cross_entropy": 0.014680170454084873, "objective": 1.7964805364608765, "gradient_norm_before_clip": 3.177778482437134}
{"event": "growth_update", "trajectory": "fixed_sequential_i20", "stage": 2, "update": 128, "answer_cross_entropy": 1.4119466543197632, "school_cross_entropy": 0.02871801145374775, "objective": 1.4205620288848877, "gradient_norm_before_clip": 3.2851552963256836}
{"event": "growth_update", "trajectory": "fixed_sequential_i20", "stage": 2, "update": 256, "answer_cross_entropy": 1.1807615756988525, "school_cross_entropy": 0.01629268191754818, "objective": 1.1856493949890137, "gradient_norm_before_clip": 4.381767272949219}
{"event": "growth_update", "trajectory": "fixed_sequential_i20", "stage": 2, "update": 384, "answer_cross_entropy": 1.0020924806594849, "school_cross_entropy": 0.023349663242697716, "objective": 1.0090973377227783, "gradient_norm_before_clip": 4.675288677215576}
{"event": "growth_update", "trajectory": "fixed_sequential_i20", "stage": 2, "update": 512, "answer_cross_entropy": 1.0818899869918823, "school_cross_entropy": 0.018786437809467316, "objective": 1.0875259637832642, "gradient_norm_before_clip": 6.065892219543457}
{"event": "growth_update", "trajectory": "adaptive_novelty_i20", "stage": 0, "update": 128, "answer_cross_entropy": 1.7713416814804077, "school_cross_entropy": 0.023279627785086632, "objective": 1.7783255577087402, "gradient_norm_before_clip": 3.3954946994781494}
{"event": "growth_update", "trajectory": "adaptive_novelty_i20", "stage": 0, "update": 256, "answer_cross_entropy": 1.8677077293395996, "school_cross_entropy": 0.013221180066466331, "objective": 1.8716740608215332, "gradient_norm_before_clip": 3.1730422973632812}
{"event": "growth_update", "trajectory": "adaptive_novelty_i20", "stage": 0, "update": 384, "answer_cross_entropy": 1.8016802072525024, "school_cross_entropy": 0.009598134085536003, "objective": 1.804559588432312, "gradient_norm_before_clip": 1.7963156700134277}
{"event": "growth_update", "trajectory": "adaptive_novelty_i20", "stage": 0, "update": 512, "answer_cross_entropy": 1.7576760053634644, "school_cross_entropy": 0.006953535135835409, "objective": 1.7597620487213135, "gradient_norm_before_clip": 1.9413044452667236}
{"event": "growth_update", "trajectory": "adaptive_novelty_i20", "stage": 1, "update": 128, "answer_cross_entropy": 1.7753171920776367, "school_cross_entropy": 0.008643221110105515, "objective": 1.7779101133346558, "gradient_norm_before_clip": 1.7814418077468872}
{"event": "growth_update", "trajectory": "adaptive_novelty_i20", "stage": 1, "update": 256, "answer_cross_entropy": 1.7191742658615112, "school_cross_entropy": 0.006649605464190245, "objective": 1.721169114112854, "gradient_norm_before_clip": 2.2782139778137207}
{"event": "growth_update", "trajectory": "adaptive_novelty_i20", "stage": 1, "update": 384, "answer_cross_entropy": 1.7336198091506958, "school_cross_entropy": 0.009155848063528538, "objective": 1.7363665103912354, "gradient_norm_before_clip": 2.079963207244873}
{"event": "growth_update", "trajectory": "adaptive_novelty_i20", "stage": 1, "update": 512, "answer_cross_entropy": 1.7920764684677124, "school_cross_entropy": 0.014680170454084873, "objective": 1.7964805364608765, "gradient_norm_before_clip": 3.177778482437134}
{"event": "growth_update", "trajectory": "adaptive_novelty_i20", "stage": 2, "update": 128, "answer_cross_entropy": 1.4119466543197632, "school_cross_entropy": 0.02871801145374775, "objective": 1.4205620288848877, "gradient_norm_before_clip": 3.2851552963256836}
{"event": "growth_update", "trajectory": "adaptive_novelty_i20", "stage": 2, "update": 256, "answer_cross_entropy": 1.1807615756988525, "school_cross_entropy": 0.01629268191754818, "objective": 1.1856493949890137, "gradient_norm_before_clip": 4.381767272949219}
{"event": "growth_update", "trajectory": "adaptive_novelty_i20", "stage": 2, "update": 384, "answer_cross_entropy": 1.0020924806594849, "school_cross_entropy": 0.023349663242697716, "objective": 1.0090973377227783, "gradient_norm_before_clip": 4.675288677215576}
{"event": "growth_update", "trajectory": "adaptive_novelty_i20", "stage": 2, "update": 512, "answer_cross_entropy": 1.0818899869918823, "school_cross_entropy": 0.018786437809467316, "objective": 1.0875259637832642, "gradient_norm_before_clip": 6.065892219543457}
{"event": "growth_update", "trajectory": "adaptive_resonance_i20", "stage": 0, "update": 128, "answer_cross_entropy": 1.7713416814804077, "school_cross_entropy": 0.023279627785086632, "objective": 1.7783255577087402, "gradient_norm_before_clip": 3.3954946994781494}
{"event": "growth_update", "trajectory": "adaptive_resonance_i20", "stage": 0, "update": 256, "answer_cross_entropy": 1.8677077293395996, "school_cross_entropy": 0.013221180066466331, "objective": 1.8716740608215332, "gradient_norm_before_clip": 3.1730422973632812}
{"event": "growth_update", "trajectory": "adaptive_resonance_i20", "stage": 0, "update": 384, "answer_cross_entropy": 1.8016802072525024, "school_cross_entropy": 0.009598134085536003, "objective": 1.804559588432312, "gradient_norm_before_clip": 1.7963156700134277}
{"event": "growth_update", "trajectory": "adaptive_resonance_i20", "stage": 0, "update": 512, "answer_cross_entropy": 1.7576760053634644, "school_cross_entropy": 0.006953535135835409, "objective": 1.7597620487213135, "gradient_norm_before_clip": 1.9413044452667236}
{"event": "growth_update", "trajectory": "adaptive_resonance_i20", "stage": 1, "update": 128, "answer_cross_entropy": 1.7753171920776367, "school_cross_entropy": 0.008643221110105515, "objective": 1.7779101133346558, "gradient_norm_before_clip": 1.7814418077468872}
{"event": "growth_update", "trajectory": "adaptive_resonance_i20", "stage": 1, "update": 256, "answer_cross_entropy": 1.7191742658615112, "school_cross_entropy": 0.006649605464190245, "objective": 1.721169114112854, "gradient_norm_before_clip": 2.2782139778137207}
{"event": "growth_update", "trajectory": "adaptive_resonance_i20", "stage": 1, "update": 384, "answer_cross_entropy": 1.7336198091506958, "school_cross_entropy": 0.009155848063528538, "objective": 1.7363665103912354, "gradient_norm_before_clip": 2.079963207244873}
{"event": "growth_update", "trajectory": "adaptive_resonance_i20", "stage": 1, "update": 512, "answer_cross_entropy": 1.7920764684677124, "school_cross_entropy": 0.014680170454084873, "objective": 1.7964805364608765, "gradient_norm_before_clip": 3.177778482437134}
{"event": "growth_update", "trajectory": "adaptive_resonance_i20", "stage": 2, "update": 128, "answer_cross_entropy": 1.4119466543197632, "school_cross_entropy": 0.02871801145374775, "objective": 1.4205620288848877, "gradient_norm_before_clip": 3.2851552963256836}
{"event": "growth_update", "trajectory": "adaptive_resonance_i20", "stage": 2, "update": 256, "answer_cross_entropy": 1.1807615756988525, "school_cross_entropy": 0.01629268191754818, "objective": 1.1856493949890137, "gradient_norm_before_clip": 4.381767272949219}
{"event": "growth_update", "trajectory": "adaptive_resonance_i20", "stage": 2, "update": 384, "answer_cross_entropy": 1.0020924806594849, "school_cross_entropy": 0.023349663242697716, "objective": 1.0090973377227783, "gradient_norm_before_clip": 4.675288677215576}
{"event": "growth_update", "trajectory": "adaptive_resonance_i20", "stage": 2, "update": 512, "answer_cross_entropy": 1.0818899869918823, "school_cross_entropy": 0.018786437809467316, "objective": 1.0875259637832642, "gradient_norm_before_clip": 6.065892219543457}
{"event": "growth_update", "trajectory": "fixed_sequential_i21", "stage": 0, "update": 128, "answer_cross_entropy": 1.9006669521331787, "school_cross_entropy": 0.019027698785066605, "objective": 1.9063752889633179, "gradient_norm_before_clip": 5.570276260375977}
{"event": "growth_update", "trajectory": "fixed_sequential_i21", "stage": 0, "update": 256, "answer_cross_entropy": 1.8166719675064087, "school_cross_entropy": 0.012947415933012962, "objective": 1.8205561637878418, "gradient_norm_before_clip": 3.5319433212280273}
{"event": "growth_update", "trajectory": "fixed_sequential_i21", "stage": 0, "update": 384, "answer_cross_entropy": 1.883772850036621, "school_cross_entropy": 0.008180172182619572, "objective": 1.8862268924713135, "gradient_norm_before_clip": 3.0964248180389404}
{"event": "growth_update", "trajectory": "fixed_sequential_i21", "stage": 0, "update": 512, "answer_cross_entropy": 1.8665624856948853, "school_cross_entropy": 0.022446833550930023, "objective": 1.8732964992523193, "gradient_norm_before_clip": 3.492872953414917}
{"event": "growth_update", "trajectory": "fixed_sequential_i21", "stage": 1, "update": 128, "answer_cross_entropy": 1.7237458229064941, "school_cross_entropy": 0.01819339022040367, "objective": 1.7292038202285767, "gradient_norm_before_clip": 3.0066139698028564}
{"event": "growth_update", "trajectory": "fixed_sequential_i21", "stage": 1, "update": 256, "answer_cross_entropy": 1.4867414236068726, "school_cross_entropy": 0.014020447619259357, "objective": 1.4909476041793823, "gradient_norm_before_clip": 1.7834914922714233}
{"event": "growth_update", "trajectory": "fixed_sequential_i21", "stage": 1, "update": 384, "answer_cross_entropy": 1.6612019538879395, "school_cross_entropy": 0.013450106605887413, "objective": 1.6652369499206543, "gradient_norm_before_clip": 6.0745015144348145}
{"event": "growth_update", "trajectory": "fixed_sequential_i21", "stage": 1, "update": 512, "answer_cross_entropy": 1.422574520111084, "school_cross_entropy": 0.02122615836560726, "objective": 1.428942322731018, "gradient_norm_before_clip": 3.8265678882598877}
{"event": "growth_update", "trajectory": "fixed_sequential_i21", "stage": 2, "update": 128, "answer_cross_entropy": 1.2933087348937988, "school_cross_entropy": 0.0163777694106102, "objective": 1.2982220649719238, "gradient_norm_before_clip": 4.930075168609619}
{"event": "growth_update", "trajectory": "fixed_sequential_i21", "stage": 2, "update": 256, "answer_cross_entropy": 1.1714391708374023, "school_cross_entropy": 0.016682079061865807, "objective": 1.1764438152313232, "gradient_norm_before_clip": 5.0160417556762695}
{"event": "growth_update", "trajectory": "fixed_sequential_i21", "stage": 2, "update": 384, "answer_cross_entropy": 0.8945098519325256, "school_cross_entropy": 0.012418053112924099, "objective": 0.8982352614402771, "gradient_norm_before_clip": 4.278003215789795}
{"event": "growth_update", "trajectory": "fixed_sequential_i21", "stage": 2, "update": 512, "answer_cross_entropy": 0.8947188258171082, "school_cross_entropy": 0.018144719302654266, "objective": 0.9001622200012207, "gradient_norm_before_clip": 3.1949594020843506}
{"event": "growth_update", "trajectory": "adaptive_novelty_i21", "stage": 0, "update": 128, "answer_cross_entropy": 1.9006669521331787, "school_cross_entropy": 0.019027698785066605, "objective": 1.9063752889633179, "gradient_norm_before_clip": 5.570276260375977}
{"event": "growth_update", "trajectory": "adaptive_novelty_i21", "stage": 0, "update": 256, "answer_cross_entropy": 1.8166719675064087, "school_cross_entropy": 0.012947415933012962, "objective": 1.8205561637878418, "gradient_norm_before_clip": 3.5319433212280273}
{"event": "growth_update", "trajectory": "adaptive_novelty_i21", "stage": 0, "update": 384, "answer_cross_entropy": 1.883772850036621, "school_cross_entropy": 0.008180172182619572, "objective": 1.8862268924713135, "gradient_norm_before_clip": 3.0964248180389404}
{"event": "growth_update", "trajectory": "adaptive_novelty_i21", "stage": 0, "update": 512, "answer_cross_entropy": 1.8665624856948853, "school_cross_entropy": 0.022446833550930023, "objective": 1.8732964992523193, "gradient_norm_before_clip": 3.492872953414917}
{"event": "growth_update", "trajectory": "adaptive_novelty_i21", "stage": 1, "update": 128, "answer_cross_entropy": 1.7237458229064941, "school_cross_entropy": 0.01819339022040367, "objective": 1.7292038202285767, "gradient_norm_before_clip": 3.0066139698028564}
{"event": "growth_update", "trajectory": "adaptive_novelty_i21", "stage": 1, "update": 256, "answer_cross_entropy": 1.4867414236068726, "school_cross_entropy": 0.014020447619259357, "objective": 1.4909476041793823, "gradient_norm_before_clip": 1.7834914922714233}
{"event": "growth_update", "trajectory": "adaptive_novelty_i21", "stage": 1, "update": 384, "answer_cross_entropy": 1.6612019538879395, "school_cross_entropy": 0.013450106605887413, "objective": 1.6652369499206543, "gradient_norm_before_clip": 6.0745015144348145}
{"event": "growth_update", "trajectory": "adaptive_novelty_i21", "stage": 1, "update": 512, "answer_cross_entropy": 1.422574520111084, "school_cross_entropy": 0.02122615836560726, "objective": 1.428942322731018, "gradient_norm_before_clip": 3.8265678882598877}
{"event": "growth_update", "trajectory": "adaptive_novelty_i21", "stage": 2, "update": 128, "answer_cross_entropy": 1.2933087348937988, "school_cross_entropy": 0.0163777694106102, "objective": 1.2982220649719238, "gradient_norm_before_clip": 4.930075168609619}
{"event": "growth_update", "trajectory": "adaptive_novelty_i21", "stage": 2, "update": 256, "answer_cross_entropy": 1.1714391708374023, "school_cross_entropy": 0.016682079061865807, "objective": 1.1764438152313232, "gradient_norm_before_clip": 5.0160417556762695}
{"event": "growth_update", "trajectory": "adaptive_novelty_i21", "stage": 2, "update": 384, "answer_cross_entropy": 0.8945098519325256, "school_cross_entropy": 0.012418053112924099, "objective": 0.8982352614402771, "gradient_norm_before_clip": 4.278003215789795}
{"event": "growth_update", "trajectory": "adaptive_novelty_i21", "stage": 2, "update": 512, "answer_cross_entropy": 0.8947188258171082, "school_cross_entropy": 0.018144719302654266, "objective": 0.9001622200012207, "gradient_norm_before_clip": 3.1949594020843506}
{"event": "growth_update", "trajectory": "adaptive_resonance_i21", "stage": 0, "update": 128, "answer_cross_entropy": 1.9006669521331787, "school_cross_entropy": 0.019027698785066605, "objective": 1.9063752889633179, "gradient_norm_before_clip": 5.570276260375977}
{"event": "growth_update", "trajectory": "adaptive_resonance_i21", "stage": 0, "update": 256, "answer_cross_entropy": 1.8166719675064087, "school_cross_entropy": 0.012947415933012962, "objective": 1.8205561637878418, "gradient_norm_before_clip": 3.5319433212280273}
{"event": "growth_update", "trajectory": "adaptive_resonance_i21", "stage": 0, "update": 384, "answer_cross_entropy": 1.883772850036621, "school_cross_entropy": 0.008180172182619572, "objective": 1.8862268924713135, "gradient_norm_before_clip": 3.0964248180389404}
{"event": "growth_update", "trajectory": "adaptive_resonance_i21", "stage": 0, "update": 512, "answer_cross_entropy": 1.8665624856948853, "school_cross_entropy": 0.022446833550930023, "objective": 1.8732964992523193, "gradient_norm_before_clip": 3.492872953414917}
{"event": "growth_update", "trajectory": "adaptive_resonance_i21", "stage": 1, "update": 128, "answer_cross_entropy": 1.7237458229064941, "school_cross_entropy": 0.01819339022040367, "objective": 1.7292038202285767, "gradient_norm_before_clip": 3.0066139698028564}
{"event": "growth_update", "trajectory": "adaptive_resonance_i21", "stage": 1, "update": 256, "answer_cross_entropy": 1.4867414236068726, "school_cross_entropy": 0.014020447619259357, "objective": 1.4909476041793823, "gradient_norm_before_clip": 1.7834914922714233}
{"event": "growth_update", "trajectory": "adaptive_resonance_i21", "stage": 1, "update": 384, "answer_cross_entropy": 1.6612019538879395, "school_cross_entropy": 0.013450106605887413, "objective": 1.6652369499206543, "gradient_norm_before_clip": 6.0745015144348145}
{"event": "growth_update", "trajectory": "adaptive_resonance_i21", "stage": 1, "update": 512, "answer_cross_entropy": 1.422574520111084, "school_cross_entropy": 0.02122615836560726, "objective": 1.428942322731018, "gradient_norm_before_clip": 3.8265678882598877}
{"event": "growth_update", "trajectory": "adaptive_resonance_i21", "stage": 2, "update": 128, "answer_cross_entropy": 1.2933087348937988, "school_cross_entropy": 0.0163777694106102, "objective": 1.2982220649719238, "gradient_norm_before_clip": 4.930075168609619}
{"event": "growth_update", "trajectory": "adaptive_resonance_i21", "stage": 2, "update": 256, "answer_cross_entropy": 1.1714391708374023, "school_cross_entropy": 0.016682079061865807, "objective": 1.1764438152313232, "gradient_norm_before_clip": 5.0160417556762695}
{"event": "growth_update", "trajectory": "adaptive_resonance_i21", "stage": 2, "update": 384, "answer_cross_entropy": 0.8945098519325256, "school_cross_entropy": 0.012418053112924099, "objective": 0.8982352614402771, "gradient_norm_before_clip": 4.278003215789795}
{"event": "growth_update", "trajectory": "adaptive_resonance_i21", "stage": 2, "update": 512, "answer_cross_entropy": 0.8947188258171082, "school_cross_entropy": 0.018144719302654266, "objective": 0.9001622200012207, "gradient_norm_before_clip": 3.1949594020843506}
{"event": "growth_final", "bank": "snapshots_i20", "router": "uniform", "binding": 0.06901041666666667}
{"event": "growth_final", "bank": "snapshots_i20", "router": "random", "binding": 0.0859375}
{"event": "growth_final", "bank": "snapshots_i20", "router": "scanner", "binding": 0.23307291666666666}
{"event": "growth_final", "bank": "snapshots_i20", "router": "learned", "binding": 0.22916666666666669}
{"event": "growth_final", "bank": "duplicate_slots_i20", "router": "uniform", "binding": 0.06901041666666666}
{"event": "growth_final", "bank": "duplicate_slots_i20", "router": "random", "binding": 0.08463541666666666}
{"event": "growth_final", "bank": "duplicate_slots_i20", "router": "scanner", "binding": 0.166015625}
{"event": "growth_final", "bank": "duplicate_slots_i20", "router": "learned", "binding": 0.1640625}
{"event": "growth_final", "bank": "single_final_i20", "router": "uniform", "binding": 0.07486979166666667}
{"event": "growth_final", "bank": "adaptive_novelty_i20", "router": "uniform", "binding": 0.06901041666666667}
{"event": "growth_final", "bank": "adaptive_novelty_i20", "router": "random", "binding": 0.0859375}
{"event": "growth_final", "bank": "adaptive_novelty_i20", "router": "scanner", "binding": 0.23307291666666666}
{"event": "growth_final", "bank": "adaptive_novelty_i20", "router": "learned", "binding": 0.22916666666666669}
{"event": "growth_final", "bank": "adaptive_resonance_i20", "router": "uniform", "binding": 0.07486979166666667}
{"event": "growth_final", "bank": "adaptive_resonance_i20", "router": "random", "binding": 0.07486979166666667}
{"event": "growth_final", "bank": "adaptive_resonance_i20", "router": "scanner", "binding": 0.07486979166666667}
{"event": "growth_final", "bank": "adaptive_resonance_i20", "router": "learned", "binding": 0.07486979166666667}
{"event": "growth_final", "bank": "snapshots_i21", "router": "uniform", "binding": 0.07942708333333334}
{"event": "growth_final", "bank": "snapshots_i21", "router": "random", "binding": 0.07942708333333334}
{"event": "growth_final", "bank": "snapshots_i21", "router": "scanner", "binding": 0.224609375}
{"event": "growth_final", "bank": "snapshots_i21", "router": "learned", "binding": 0.23828125}
{"event": "growth_final", "bank": "duplicate_slots_i21", "router": "uniform", "binding": 0.08072916666666666}
{"event": "growth_final", "bank": "duplicate_slots_i21", "router": "random", "binding": 0.09049479166666666}
{"event": "growth_final", "bank": "duplicate_slots_i21", "router": "scanner", "binding": 0.16796875}
{"event": "growth_final", "bank": "duplicate_slots_i21", "router": "learned", "binding": 0.173828125}
{"event": "growth_final", "bank": "single_final_i21", "router": "uniform", "binding": 0.06575520833333334}
{"event": "growth_final", "bank": "adaptive_novelty_i21", "router": "uniform", "binding": 0.07942708333333334}
{"event": "growth_final", "bank": "adaptive_novelty_i21", "router": "random", "binding": 0.07942708333333334}
{"event": "growth_final", "bank": "adaptive_novelty_i21", "router": "scanner", "binding": 0.224609375}
{"event": "growth_final", "bank": "adaptive_novelty_i21", "router": "learned", "binding": 0.23828125}
{"event": "growth_final", "bank": "adaptive_resonance_i21", "router": "uniform", "binding": 0.07161458333333333}
{"event": "growth_final", "bank": "adaptive_resonance_i21", "router": "random", "binding": 0.08268229166666667}
{"event": "growth_final", "bank": "adaptive_resonance_i21", "router": "scanner", "binding": 0.14713541666666666}
{"event": "growth_final", "bank": "adaptive_resonance_i21", "router": "learned", "binding": 0.158203125}
