==================================== PASSES ====================================
2026-10-07T03:20:09.7652673Z _________________________ test_safety_refuses_busy_gpu _________________________
2026-10-07T03:20:09.7653247Z ----------------------------- Captured stdout call -----------------------------
2026-10-07T03:20:09.7653789Z [safety] GPU ocupada (uso 98 %, libre 7.7 GiB) -> CPU
2026-10-07T03:20:09.7654349Z ____ test_owned_archive_preserves_source_head_and_excludes_unrelated_files _____
2026-10-07T03:20:09.7654932Z ----------------------------- Captured stdout call -----------------------------
2026-10-07T03:20:09.7655807Z {"event": "evidence_archived", "at_utc": "2026-10-07T03:20:06.167962+00:00", "archive_commit": "16369821a414e621ec8f9cfc16b7b788c8203a92", "files": 1, "final": false}
2026-10-07T03:20:09.7656979Z {"event": "evidence_archived", "at_utc": "2026-10-07T03:20:06.221703+00:00", "archive_commit": "ecd7044607aaa3fb4846bc18cd4c06a505a14380", "files": 1, "final": true}
2026-10-07T03:20:09.7657786Z =========================== short test summary info ============================
2026-10-07T03:20:09.7658254Z PASSED tests/test_core.py::test_codec_roundtrip_png
2026-10-07T03:20:09.7658677Z PASSED tests/test_core.py::test_hrr_bind_unbind_and_order
2026-10-07T03:20:09.7659135Z PASSED tests/test_core.py::test_task_heldout_disjoint_and_valid
2026-10-07T03:20:09.7659780Z PASSED tests/test_core.py::test_models_forward_backward
2026-10-07T03:20:09.7660193Z PASSED tests/test_core.py::test_empty_canvas_is_black
2026-10-07T03:20:09.7660608Z PASSED tests/test_core.py::test_safety_refuses_busy_gpu
2026-10-07T03:20:09.7661003Z PASSED tests/test_core.py::test_scanner_lens_shapes
2026-10-07T03:20:09.7661451Z PASSED tests/test_core.py::test_grounded_dictionary_fixed_colors
2026-10-07T03:20:09.7661955Z PASSED tests/test_core.py::test_vectorized_sampler_matches_structure
2026-10-07T03:20:09.7662458Z PASSED tests/test_core.py::test_both_models_accept_train_kwargs
2026-10-07T03:20:09.7662946Z PASSED tests/test_core.py::test_camera_pixels_replace_words
2026-10-07T03:20:09.7663438Z PASSED tests/test_core.py::test_retina_fills_all_identity_channels
2026-10-07T03:20:09.7664275Z PASSED tests/test_research_ablations.py::test_inventory_and_low_ram_admission_do_not_import_torch
2026-10-07T03:20:09.7664975Z PASSED tests/test_research_ablations.py::test_exact_inventory_and_checkpoint_reuse
2026-10-07T03:20:09.7665628Z PASSED tests/test_research_ablations.py::test_zero_damage_is_exact_legacy_factory[True-True]
2026-10-07T03:20:09.7666320Z PASSED tests/test_research_ablations.py::test_zero_damage_is_exact_legacy_factory[False-False]
2026-10-07T03:20:09.7667098Z PASSED tests/test_research_ablations.py::test_active_damage_preserves_initialization_and_global_firing_rng
2026-10-07T03:20:09.7667851Z PASSED tests/test_research_ablations.py::test_damage_path_has_finite_nonzero_backward
2026-10-07T03:20:09.7668547Z PASSED tests/test_research_ablations.py::test_evaluation_lesion_is_indexed_by_example_not_batch
2026-10-07T03:20:09.7669280Z PASSED tests/test_research_ablations.py::test_deployment_truncation_uses_same_weights
2026-10-07T03:20:09.7670120Z PASSED tests/test_research_ablations.py::test_adapter_reports_school_and_restores_after_failure
2026-10-07T03:20:09.7670817Z PASSED tests/test_research_ablations.py::test_plan_refuses_unfrozen_status_without_runtime
2026-10-07T03:20:09.7671476Z PASSED tests/test_research_ablations.py::test_plan_refuses_implementation_hash_drift
2026-10-07T03:20:09.7672172Z PASSED tests/test_research_ablations.py::test_twenty_five_complete_runs_never_open_final_data
2026-10-07T03:20:09.7672912Z PASSED tests/test_research_ablations.py::test_missing_old_freeze_requires_explicit_recovery_record
2026-10-07T03:20:09.7673728Z PASSED tests/test_research_ablations.py::test_source_record_declares_seven_files_and_rejects_a_placeholder
2026-10-07T03:20:09.7674540Z PASSED tests/test_research_ablations.py::test_source_adapter_restores_original_function_on_failure
2026-10-07T03:20:09.7675460Z PASSED tests/test_research_ablations.py::test_original_evaluator_sets_deployment_model_to_eval
2026-10-07T03:20:09.7676314Z PASSED tests/test_research_analyze_core_ablation.py::test_inventory_has_only_approved_26_runs_and_34_evaluations
2026-10-07T03:20:09.7677383Z PASSED tests/test_research_analyze_core_ablation.py::test_factorial_raw_differences_have_declared_sign_and_scale[tying-0.037]
2026-10-07T03:20:09.7678452Z PASSED tests/test_research_analyze_core_ablation.py::test_factorial_raw_differences_have_declared_sign_and_scale[school-0.057]
2026-10-07T03:20:09.7679647Z PASSED tests/test_research_analyze_core_ablation.py::test_factorial_raw_differences_have_declared_sign_and_scale[reinjection-0.052]
2026-10-07T03:20:09.7680698Z PASSED tests/test_research_analyze_core_ablation.py::test_factorial_raw_differences_have_declared_sign_and_scale[tying_by_school-0.024]
2026-10-07T03:20:09.7681746Z PASSED tests/test_research_analyze_core_ablation.py::test_factorial_raw_differences_have_declared_sign_and_scale[tying_by_reinjection--0.006]
2026-10-07T03:20:09.7682841Z PASSED tests/test_research_analyze_core_ablation.py::test_factorial_raw_differences_have_declared_sign_and_scale[school_by_reinjection-0.014]
2026-10-07T03:20:09.7683940Z PASSED tests/test_research_analyze_core_ablation.py::test_factorial_raw_differences_have_declared_sign_and_scale[tying_by_school_by_reinjection-0.008]
2026-10-07T03:20:09.7685083Z PASSED tests/test_research_analyze_core_ablation.py::test_factorial_raw_differences_have_declared_sign_and_scale[tying__school0_reinjection0-0.03]
2026-10-07T03:20:09.7686231Z PASSED tests/test_research_analyze_core_ablation.py::test_factorial_raw_differences_have_declared_sign_and_scale[tying__school1_reinjection1-0.048]
2026-10-07T03:20:09.7687376Z PASSED tests/test_research_analyze_core_ablation.py::test_factorial_raw_differences_have_declared_sign_and_scale[tying_by_school__reinjection0-0.02]
2026-10-07T03:20:09.7688522Z PASSED tests/test_research_analyze_core_ablation.py::test_factorial_raw_differences_have_declared_sign_and_scale[tying_by_school__reinjection1-0.028]
2026-10-07T03:20:09.7689749Z PASSED tests/test_research_analyze_core_ablation.py::test_all_factorial_conditionals_are_present
2026-10-07T03:20:09.7690662Z PASSED tests/test_research_analyze_core_ablation.py::test_secondary_panels_do_not_conflate_interventions[trained_T1_minus_trained_T16--0.07]
2026-10-07T03:20:09.7691733Z PASSED tests/test_research_analyze_core_ablation.py::test_secondary_panels_do_not_conflate_interventions[trained_T4_minus_trained_T16--0.03]
2026-10-07T03:20:09.7692855Z PASSED tests/test_research_analyze_core_ablation.py::test_secondary_panels_do_not_conflate_interventions[same_T16_weights_eval_T1_minus_eval_T16--0.11]
2026-10-07T03:20:09.7694020Z PASSED tests/test_research_analyze_core_ablation.py::test_secondary_panels_do_not_conflate_interventions[same_T16_weights_eval_T4_minus_eval_T16--0.05]
2026-10-07T03:20:09.7695225Z PASSED tests/test_research_analyze_core_ablation.py::test_secondary_panels_do_not_conflate_interventions[damage_training_minus_clean_training__eval_lesion0--0.02]
2026-10-07T03:20:09.7696480Z PASSED tests/test_research_analyze_core_ablation.py::test_secondary_panels_do_not_conflate_interventions[damage_training_minus_clean_training__eval_lesion1-0.09]
2026-10-07T03:20:09.7697687Z PASSED tests/test_research_analyze_core_ablation.py::test_secondary_panels_do_not_conflate_interventions[eval_lesion_minus_clean__training_damage0--0.15]
2026-10-07T03:20:09.7698868Z PASSED tests/test_research_analyze_core_ablation.py::test_secondary_panels_do_not_conflate_interventions[eval_lesion_minus_clean__training_damage1--0.04]
2026-10-07T03:20:09.7700132Z PASSED tests/test_research_analyze_core_ablation.py::test_secondary_panels_do_not_conflate_interventions[training_damage_by_eval_lesion-0.11]
2026-10-07T03:20:09.7701223Z PASSED tests/test_research_analyze_core_ablation.py::test_secondary_panels_do_not_conflate_interventions[updates8192_minus1024__school0-0.08]
2026-10-07T03:20:09.7702519Z PASSED tests/test_research_analyze_core_ablation.py::test_secondary_panels_do_not_conflate_interventions[updates8192_minus1024__school1-0.04]
2026-10-07T03:20:09.7703559Z PASSED tests/test_research_analyze_core_ablation.py::test_secondary_panels_do_not_conflate_interventions[budget_by_school--0.04]
2026-10-07T03:20:09.7704615Z PASSED tests/test_research_analyze_core_ablation.py::test_secondary_panels_do_not_conflate_interventions[school03_minus0__updates8192-0.038]
2026-10-07T03:20:09.7705516Z PASSED tests/test_research_analyze_core_ablation.py::test_all_four_damage_cells_are_preserved
2026-10-07T03:20:09.7706320Z PASSED tests/test_research_analyze_core_ablation.py::test_t_interval_uses_two_seed_units_ddof_one_and_is_not_clipped
2026-10-07T03:20:09.7707138Z PASSED tests/test_research_analyze_core_ablation.py::test_zero_variance_interval_and_exact_pairing
2026-10-07T03:20:09.7707930Z PASSED tests/test_research_analyze_core_ablation.py::test_missing_or_duplicate_cells_do_not_become_complete_pairs
2026-10-07T03:20:09.7708774Z PASSED tests/test_research_analyze_core_ablation.py::test_scoring_recounts_roles_binding_nll_and_saved_metrics
2026-10-07T03:20:09.7709782Z PASSED tests/test_research_analyze_core_ablation.py::test_prediction_corruption_is_rejected[target-target alignment]
2026-10-07T03:20:09.7710687Z PASSED tests/test_research_analyze_core_ablation.py::test_prediction_corruption_is_rejected[role-role alignment]
2026-10-07T03:20:09.7711641Z PASSED tests/test_research_analyze_core_ablation.py::test_prediction_corruption_is_rejected[prediction-prediction out of vocabulary]
2026-10-07T03:20:09.7712743Z PASSED tests/test_research_analyze_core_ablation.py::test_prediction_corruption_is_rejected[confidence_nan-nonfinite confidence]
2026-10-07T03:20:09.7713677Z PASSED tests/test_research_analyze_core_ablation.py::test_prediction_corruption_is_rejected[nll_inf-nonfinite nll]
2026-10-07T03:20:09.7714650Z PASSED tests/test_research_analyze_core_ablation.py::test_prediction_corruption_is_rejected[confidence_low-maximum probability below uniform]
2026-10-07T03:20:09.8349509Z PASSED tests/test_research_analyze_core_ablation.py::test_prediction_corruption_is_rejected[nll_inconsistent-true-label probability exceeds]
2026-10-07T03:20:09.8351168Z PASSED tests/test_research_analyze_core_ablation.py::test_role_or_scalar_metric_corruption_is_rejected
2026-10-07T03:20:09.8351969Z PASSED tests/test_research_analyze_core_ablation.py::test_probe_flags_have_counts_only_scope
2026-10-07T03:20:09.8352704Z PASSED tests/test_research_analyze_core_ablation.py::test_final_npz_gate_precedes_any_file_read
2026-10-07T03:20:09.8353496Z PASSED tests/test_research_analyze_core_ablation.py::test_reader_prevents_escape_and_detects_digest_change
2026-10-07T03:20:09.8354299Z PASSED tests/test_research_analyze_core_ablation.py::test_no_torch_or_project_imports_are_in_analyzer
2026-10-07T03:20:09.8355074Z PASSED tests/test_research_analyze_core_ablation.py::test_atomic_failure_report_and_output_hashes
2026-10-07T03:20:09.8355877Z PASSED tests/test_research_analyze_core_ablation.py::test_training_gate_failure_precedes_final_result_json
2026-10-07T03:20:09.8356722Z PASSED tests/test_research_analyze_growth_ablation.py::test_decisions_use_saved_scalar_rounding_and_first_tie
2026-10-07T03:20:09.8357642Z PASSED tests/test_research_analyze_growth_ablation.py::test_probability_mixtures_and_hard_routes_are_independent_of_labels
2026-10-07T03:20:09.8358534Z PASSED tests/test_research_analyze_growth_ablation.py::test_visible_features_encode_bag_query_and_bias_only
2026-10-07T03:20:09.8359545Z PASSED tests/test_research_analyze_growth_ablation.py::test_two_seed_interval_keeps_raw_units_and_is_not_clipped
2026-10-07T03:20:09.8360470Z PASSED tests/test_research_analyze_growth_ablation.py::test_counts_use_agent_patient_macro_and_separate_topics
2026-10-07T03:20:09.8361387Z PASSED tests/test_research_analyze_growth_ablation.py::test_path_and_array_integrity_refuse_escapes_and_mismatch
2026-10-07T03:20:09.8362314Z PASSED tests/test_research_analyze_growth_ablation.py::test_diagnostic_recount_uses_only_occupied_cells_and_strict_threshold
2026-10-07T03:20:09.8363449Z PASSED tests/test_research_analyze_growth_ablation.py::test_final_metadata_and_arrays_are_closed_without_gate
2026-10-07T03:20:09.8364267Z PASSED tests/test_research_growth_ablation.py::test_exact_growth_inventory_has_six_paired_trajectories
2026-10-07T03:20:09.8365088Z PASSED tests/test_research_growth_ablation.py::test_empty_bank_creates_only_the_first_expert[fixed_sequential]
2026-10-07T03:20:09.8365966Z PASSED tests/test_research_growth_ablation.py::test_empty_bank_creates_only_the_first_expert[adaptive_novelty]
2026-10-07T03:20:09.8366876Z PASSED tests/test_research_growth_ablation.py::test_empty_bank_creates_only_the_first_expert[adaptive_resonance]
2026-10-07T03:20:09.8367711Z PASSED tests/test_research_growth_ablation.py::test_novelty_rounding_strict_threshold_and_parent_tie
2026-10-07T03:20:09.8368605Z PASSED tests/test_research_growth_ablation.py::test_resonance_preserves_unrounded_tau_and_separate_criterion
2026-10-07T03:20:09.8369531Z PASSED tests/test_research_growth_ablation.py::test_fixed_lineage_copies_latest_snapshot
2026-10-07T03:20:09.8370338Z PASSED tests/test_research_growth_ablation.py::test_visible_features_are_binary_and_have_no_label_or_topic_argument
2026-10-07T03:20:09.8371176Z PASSED tests/test_research_growth_ablation.py::test_scanner_is_unrounded_hard_selection_with_first_tie
2026-10-07T03:20:09.8372024Z PASSED tests/test_research_growth_ablation.py::test_seeded_random_selector_is_reproducible_without_global_rng_mutation
2026-10-07T03:20:09.8372909Z PASSED tests/test_research_growth_ablation.py::test_probability_mixture_can_exceed_hard_selection_oracle
2026-10-07T03:20:09.8373722Z PASSED tests/test_research_growth_ablation.py::test_gate_gradient_agrees_with_independent_finite_difference
2026-10-07T03:20:09.8374549Z PASSED tests/test_research_growth_ablation.py::test_gate_fit_is_fixed_deterministic_and_does_not_modify_experts
2026-10-07T03:20:09.8375381Z PASSED tests/test_research_growth_ablation.py::test_partition_manifest_detects_overlap_without_models
2026-10-07T03:20:09.8376248Z PASSED tests/test_research_growth_ablation.py::test_topic_tasks_preserve_original_partition_membership
2026-10-07T03:20:09.8377217Z PASSED tests/test_research_growth_ablation.py::test_complete_growth_gate_authorizes_before_the_final_callback
2026-10-07T03:20:09.8378090Z PASSED tests/test_research_growth_ablation.py::test_incomplete_growth_never_authorizes_or_opens_test[training_stage]
2026-10-07T03:20:09.8378975Z PASSED tests/test_research_growth_ablation.py::test_incomplete_growth_never_authorizes_or_opens_test[fitted_gate]
2026-10-07T03:20:09.8379949Z PASSED tests/test_research_growth_ablation.py::test_source_or_hash_drift_blocks_final_data[source]
2026-10-07T03:20:09.8380764Z PASSED tests/test_research_growth_ablation.py::test_source_or_hash_drift_blocks_final_data[implementation_hash]
2026-10-07T03:20:09.8381661Z PASSED tests/test_research_growth_ablation.py::test_preadmission_paths_never_import_torch_in_a_fresh_process[describe]
2026-10-07T03:20:09.8382599Z PASSED tests/test_research_growth_ablation.py::test_preadmission_paths_never_import_torch_in_a_fresh_process[low_ram]
2026-10-07T03:20:09.8383519Z PASSED tests/test_research_item6_worker.py::test_owned_archive_preserves_source_head_and_excludes_unrelated_files
2026-10-07T03:20:09.8384441Z PASSED tests/test_research_item6_worker_supervision.py::test_low_ram_interrupts_owned_child_while_publication_is_blocked
2026-10-07T03:20:09.8385329Z PASSED tests/test_research_item6_worker_supervision.py::test_expired_deadline_refuses_the_next_child_before_popen
2026-10-07T03:20:09.8386254Z PASSED tests/test_research_item6_worker_supervision.py::test_git_timeout_stops_transport_descendant_without_waiting_for_its_pipe
2026-10-07T03:20:09.8387021Z SKIPPED [1] tests/test_core.py:135: sin CIFAR-10 local
2026-10-07T03:20:10.0503228Z 