==================================== PASSES ====================================
2026-10-07T02:59:59.9537041Z _________________________ test_safety_refuses_busy_gpu _________________________
2026-10-07T02:59:59.9538155Z ----------------------------- Captured stdout call -----------------------------
2026-10-07T02:59:59.9538941Z [safety] GPU ocupada (uso 98 %, libre 7.7 GiB) -> CPU
2026-10-07T02:59:59.9539725Z ____ test_owned_archive_preserves_source_head_and_excludes_unrelated_files _____
2026-10-07T02:59:59.9540592Z ----------------------------- Captured stdout call -----------------------------
2026-10-07T02:59:59.9541906Z {"event": "evidence_archived", "at_utc": "2026-10-07T02:59:59.895831+00:00", "archive_commit": "1cc1906d50378027d4a1df78cfe51880f95201f1", "files": 1, "final": false}
2026-10-07T02:59:59.9543316Z {"event": "evidence_archived", "at_utc": "2026-10-07T02:59:59.940043+00:00", "archive_commit": "3f34bdba13c6326088f445b73c87e2bcb56137ba", "files": 1, "final": true}
2026-10-07T02:59:59.9544125Z =========================== short test summary info ============================
2026-10-07T02:59:59.9544670Z PASSED tests/test_core.py::test_codec_roundtrip_png
2026-10-07T02:59:59.9545132Z PASSED tests/test_core.py::test_hrr_bind_unbind_and_order
2026-10-07T02:59:59.9545586Z PASSED tests/test_core.py::test_task_heldout_disjoint_and_valid
2026-10-07T02:59:59.9546037Z PASSED tests/test_core.py::test_models_forward_backward
2026-10-07T02:59:59.9546445Z PASSED tests/test_core.py::test_empty_canvas_is_black
2026-10-07T02:59:59.9546851Z PASSED tests/test_core.py::test_safety_refuses_busy_gpu
2026-10-07T02:59:59.9547520Z PASSED tests/test_core.py::test_scanner_lens_shapes
2026-10-07T02:59:59.9547982Z PASSED tests/test_core.py::test_grounded_dictionary_fixed_colors
2026-10-07T02:59:59.9548485Z PASSED tests/test_core.py::test_vectorized_sampler_matches_structure
2026-10-07T02:59:59.9548994Z PASSED tests/test_core.py::test_both_models_accept_train_kwargs
2026-10-07T02:59:59.9549486Z PASSED tests/test_core.py::test_camera_pixels_replace_words
2026-10-07T02:59:59.9549963Z PASSED tests/test_core.py::test_retina_fills_all_identity_channels
2026-10-07T02:59:59.9550847Z PASSED tests/test_research_ablations.py::test_inventory_and_low_ram_admission_do_not_import_torch
2026-10-07T02:59:59.9551859Z PASSED tests/test_research_ablations.py::test_exact_inventory_and_checkpoint_reuse
2026-10-07T02:59:59.9552924Z PASSED tests/test_research_ablations.py::test_zero_damage_is_exact_legacy_factory[True-True]
2026-10-07T02:59:59.9554049Z PASSED tests/test_research_ablations.py::test_zero_damage_is_exact_legacy_factory[False-False]
2026-10-07T02:59:59.9555315Z PASSED tests/test_research_ablations.py::test_active_damage_preserves_initialization_and_global_firing_rng
2026-10-07T02:59:59.9556547Z PASSED tests/test_research_ablations.py::test_damage_path_has_finite_nonzero_backward
2026-10-07T02:59:59.9557892Z PASSED tests/test_research_ablations.py::test_evaluation_lesion_is_indexed_by_example_not_batch
2026-10-07T02:59:59.9559004Z PASSED tests/test_research_ablations.py::test_deployment_truncation_uses_same_weights
2026-10-07T02:59:59.9560142Z PASSED tests/test_research_ablations.py::test_adapter_reports_school_and_restores_after_failure
2026-10-07T02:59:59.9561285Z PASSED tests/test_research_ablations.py::test_plan_refuses_unfrozen_status_without_runtime
2026-10-07T02:59:59.9562298Z PASSED tests/test_research_ablations.py::test_plan_refuses_implementation_hash_drift
2026-10-07T02:59:59.9563434Z PASSED tests/test_research_ablations.py::test_twenty_five_complete_runs_never_open_final_data
2026-10-07T02:59:59.9564763Z PASSED tests/test_research_ablations.py::test_missing_old_freeze_requires_explicit_recovery_record
2026-10-07T02:59:59.9566105Z PASSED tests/test_research_ablations.py::test_source_record_declares_seven_files_and_rejects_a_placeholder
2026-10-07T02:59:59.9567710Z PASSED tests/test_research_ablations.py::test_source_adapter_restores_original_function_on_failure
2026-10-07T02:59:59.9569248Z PASSED tests/test_research_ablations.py::test_original_evaluator_sets_deployment_model_to_eval
2026-10-07T02:59:59.9570585Z PASSED tests/test_research_analyze_core_ablation.py::test_inventory_has_only_approved_26_runs_and_34_evaluations
2026-10-07T02:59:59.9572108Z PASSED tests/test_research_analyze_core_ablation.py::test_factorial_raw_differences_have_declared_sign_and_scale[tying-0.037]
2026-10-07T02:59:59.9573647Z PASSED tests/test_research_analyze_core_ablation.py::test_factorial_raw_differences_have_declared_sign_and_scale[school-0.057]
2026-10-07T02:59:59.9575263Z PASSED tests/test_research_analyze_core_ablation.py::test_factorial_raw_differences_have_declared_sign_and_scale[reinjection-0.052]
2026-10-07T02:59:59.9576997Z PASSED tests/test_research_analyze_core_ablation.py::test_factorial_raw_differences_have_declared_sign_and_scale[tying_by_school-0.024]
2026-10-07T02:59:59.9579046Z PASSED tests/test_research_analyze_core_ablation.py::test_factorial_raw_differences_have_declared_sign_and_scale[tying_by_reinjection--0.006]
2026-10-07T02:59:59.9580913Z PASSED tests/test_research_analyze_core_ablation.py::test_factorial_raw_differences_have_declared_sign_and_scale[school_by_reinjection-0.014]
2026-10-07T02:59:59.9582798Z PASSED tests/test_research_analyze_core_ablation.py::test_factorial_raw_differences_have_declared_sign_and_scale[tying_by_school_by_reinjection-0.008]
2026-10-07T02:59:59.9584722Z PASSED tests/test_research_analyze_core_ablation.py::test_factorial_raw_differences_have_declared_sign_and_scale[tying__school0_reinjection0-0.03]
2026-10-07T02:59:59.9586634Z PASSED tests/test_research_analyze_core_ablation.py::test_factorial_raw_differences_have_declared_sign_and_scale[tying__school1_reinjection1-0.048]
2026-10-07T02:59:59.9588819Z PASSED tests/test_research_analyze_core_ablation.py::test_factorial_raw_differences_have_declared_sign_and_scale[tying_by_school__reinjection0-0.02]
2026-10-07T02:59:59.9590792Z PASSED tests/test_research_analyze_core_ablation.py::test_factorial_raw_differences_have_declared_sign_and_scale[tying_by_school__reinjection1-0.028]
2026-10-07T02:59:59.9592711Z PASSED tests/test_research_analyze_core_ablation.py::test_all_factorial_conditionals_are_present
2026-10-07T02:59:59.9594296Z PASSED tests/test_research_analyze_core_ablation.py::test_secondary_panels_do_not_conflate_interventions[trained_T1_minus_trained_T16--0.07]
2026-10-07T02:59:59.9596096Z PASSED tests/test_research_analyze_core_ablation.py::test_secondary_panels_do_not_conflate_interventions[trained_T4_minus_trained_T16--0.03]
2026-10-07T02:59:59.9598301Z PASSED tests/test_research_analyze_core_ablation.py::test_secondary_panels_do_not_conflate_interventions[same_T16_weights_eval_T1_minus_eval_T16--0.11]
2026-10-07T02:59:59.9600262Z PASSED tests/test_research_analyze_core_ablation.py::test_secondary_panels_do_not_conflate_interventions[same_T16_weights_eval_T4_minus_eval_T16--0.05]
2026-10-07T02:59:59.9602327Z PASSED tests/test_research_analyze_core_ablation.py::test_secondary_panels_do_not_conflate_interventions[damage_training_minus_clean_training__eval_lesion0--0.02]
2026-10-07T02:59:59.9604458Z PASSED tests/test_research_analyze_core_ablation.py::test_secondary_panels_do_not_conflate_interventions[damage_training_minus_clean_training__eval_lesion1-0.09]
2026-10-07T02:59:59.9606504Z PASSED tests/test_research_analyze_core_ablation.py::test_secondary_panels_do_not_conflate_interventions[eval_lesion_minus_clean__training_damage0--0.15]
2026-10-07T02:59:59.9608797Z PASSED tests/test_research_analyze_core_ablation.py::test_secondary_panels_do_not_conflate_interventions[eval_lesion_minus_clean__training_damage1--0.04]
2026-10-07T02:59:59.9610752Z PASSED tests/test_research_analyze_core_ablation.py::test_secondary_panels_do_not_conflate_interventions[training_damage_by_eval_lesion-0.11]
2026-10-07T02:59:59.9612705Z PASSED tests/test_research_analyze_core_ablation.py::test_secondary_panels_do_not_conflate_interventions[updates8192_minus1024__school0-0.08]
2026-10-07T02:59:59.9614927Z PASSED tests/test_research_analyze_core_ablation.py::test_secondary_panels_do_not_conflate_interventions[updates8192_minus1024__school1-0.04]
2026-10-07T02:59:59.9616749Z PASSED tests/test_research_analyze_core_ablation.py::test_secondary_panels_do_not_conflate_interventions[budget_by_school--0.04]
2026-10-07T02:59:59.9618809Z PASSED tests/test_research_analyze_core_ablation.py::test_secondary_panels_do_not_conflate_interventions[school03_minus0__updates8192-0.038]
2026-10-07T02:59:59.9620404Z PASSED tests/test_research_analyze_core_ablation.py::test_all_four_damage_cells_are_preserved
2026-10-07T02:59:59.9621762Z PASSED tests/test_research_analyze_core_ablation.py::test_t_interval_uses_two_seed_units_ddof_one_and_is_not_clipped
2026-10-07T02:59:59.9623156Z PASSED tests/test_research_analyze_core_ablation.py::test_zero_variance_interval_and_exact_pairing
2026-10-07T02:59:59.9624024Z PASSED tests/test_research_analyze_core_ablation.py::test_missing_or_duplicate_cells_do_not_become_complete_pairs
2026-10-07T02:59:59.9624808Z PASSED tests/test_research_analyze_core_ablation.py::test_scoring_recounts_roles_binding_nll_and_saved_metrics
2026-10-07T02:59:59.9625586Z PASSED tests/test_research_analyze_core_ablation.py::test_prediction_corruption_is_rejected[target-target alignment]
2026-10-07T02:59:59.9626358Z PASSED tests/test_research_analyze_core_ablation.py::test_prediction_corruption_is_rejected[role-role alignment]
2026-10-07T02:59:59.9627189Z PASSED tests/test_research_analyze_core_ablation.py::test_prediction_corruption_is_rejected[prediction-prediction out of vocabulary]
2026-10-07T02:59:59.9628431Z PASSED tests/test_research_analyze_core_ablation.py::test_prediction_corruption_is_rejected[confidence_nan-nonfinite confidence]
2026-10-07T02:59:59.9629266Z PASSED tests/test_research_analyze_core_ablation.py::test_prediction_corruption_is_rejected[nll_inf-nonfinite nll]
2026-10-07T02:59:59.9630121Z PASSED tests/test_research_analyze_core_ablation.py::test_prediction_corruption_is_rejected[confidence_low-maximum probability below uniform]
2026-10-07T03:00:00.0433766Z PASSED tests/test_research_analyze_core_ablation.py::test_prediction_corruption_is_rejected[nll_inconsistent-true-label probability exceeds]
2026-10-07T03:00:00.0435838Z PASSED tests/test_research_analyze_core_ablation.py::test_role_or_scalar_metric_corruption_is_rejected
2026-10-07T03:00:00.0437576Z PASSED tests/test_research_analyze_core_ablation.py::test_probe_flags_have_counts_only_scope
2026-10-07T03:00:00.0438962Z PASSED tests/test_research_analyze_core_ablation.py::test_final_npz_gate_precedes_any_file_read
2026-10-07T03:00:00.0440159Z PASSED tests/test_research_analyze_core_ablation.py::test_reader_prevents_escape_and_detects_digest_change
2026-10-07T03:00:00.0441078Z PASSED tests/test_research_analyze_core_ablation.py::test_no_torch_or_project_imports_are_in_analyzer
2026-10-07T03:00:00.0441938Z PASSED tests/test_research_analyze_core_ablation.py::test_atomic_failure_report_and_output_hashes
2026-10-07T03:00:00.0442916Z PASSED tests/test_research_analyze_core_ablation.py::test_training_gate_failure_precedes_final_result_json
2026-10-07T03:00:00.0443758Z PASSED tests/test_research_analyze_growth_ablation.py::test_decisions_use_saved_scalar_rounding_and_first_tie
2026-10-07T03:00:00.0444672Z PASSED tests/test_research_analyze_growth_ablation.py::test_probability_mixtures_and_hard_routes_are_independent_of_labels
2026-10-07T03:00:00.0445568Z PASSED tests/test_research_analyze_growth_ablation.py::test_visible_features_encode_bag_query_and_bias_only
2026-10-07T03:00:00.0446416Z PASSED tests/test_research_analyze_growth_ablation.py::test_two_seed_interval_keeps_raw_units_and_is_not_clipped
2026-10-07T03:00:00.0447556Z PASSED tests/test_research_analyze_growth_ablation.py::test_counts_use_agent_patient_macro_and_separate_topics
2026-10-07T03:00:00.0448425Z PASSED tests/test_research_analyze_growth_ablation.py::test_path_and_array_integrity_refuse_escapes_and_mismatch
2026-10-07T03:00:00.0449349Z PASSED tests/test_research_analyze_growth_ablation.py::test_diagnostic_recount_uses_only_occupied_cells_and_strict_threshold
2026-10-07T03:00:00.0450823Z PASSED tests/test_research_analyze_growth_ablation.py::test_final_metadata_and_arrays_are_closed_without_gate
2026-10-07T03:00:00.0451659Z PASSED tests/test_research_growth_ablation.py::test_exact_growth_inventory_has_six_paired_trajectories
2026-10-07T03:00:00.0452529Z PASSED tests/test_research_growth_ablation.py::test_empty_bank_creates_only_the_first_expert[fixed_sequential]
2026-10-07T03:00:00.0453392Z PASSED tests/test_research_growth_ablation.py::test_empty_bank_creates_only_the_first_expert[adaptive_novelty]
2026-10-07T03:00:00.0454153Z PASSED tests/test_research_growth_ablation.py::test_empty_bank_creates_only_the_first_expert[adaptive_resonance]
2026-10-07T03:00:00.0454861Z PASSED tests/test_research_growth_ablation.py::test_novelty_rounding_strict_threshold_and_parent_tie
2026-10-07T03:00:00.0455575Z PASSED tests/test_research_growth_ablation.py::test_resonance_preserves_unrounded_tau_and_separate_criterion
2026-10-07T03:00:00.0456256Z PASSED tests/test_research_growth_ablation.py::test_fixed_lineage_copies_latest_snapshot
2026-10-07T03:00:00.0456942Z PASSED tests/test_research_growth_ablation.py::test_visible_features_are_binary_and_have_no_label_or_topic_argument
2026-10-07T03:00:00.0457813Z PASSED tests/test_research_growth_ablation.py::test_scanner_is_unrounded_hard_selection_with_first_tie
2026-10-07T03:00:00.0458553Z PASSED tests/test_research_growth_ablation.py::test_seeded_random_selector_is_reproducible_without_global_rng_mutation
2026-10-07T03:00:00.0459297Z PASSED tests/test_research_growth_ablation.py::test_probability_mixture_can_exceed_hard_selection_oracle
2026-10-07T03:00:00.0460000Z PASSED tests/test_research_growth_ablation.py::test_gate_gradient_agrees_with_independent_finite_difference
2026-10-07T03:00:00.0460746Z PASSED tests/test_research_growth_ablation.py::test_gate_fit_is_fixed_deterministic_and_does_not_modify_experts
2026-10-07T03:00:00.0461461Z PASSED tests/test_research_growth_ablation.py::test_partition_manifest_detects_overlap_without_models
2026-10-07T03:00:00.0462146Z PASSED tests/test_research_growth_ablation.py::test_topic_tasks_preserve_original_partition_membership
2026-10-07T03:00:00.0463013Z PASSED tests/test_research_growth_ablation.py::test_complete_growth_gate_authorizes_before_the_final_callback
2026-10-07T03:00:00.0463790Z PASSED tests/test_research_growth_ablation.py::test_incomplete_growth_never_authorizes_or_opens_test[training_stage]
2026-10-07T03:00:00.0464556Z PASSED tests/test_research_growth_ablation.py::test_incomplete_growth_never_authorizes_or_opens_test[fitted_gate]
2026-10-07T03:00:00.0465258Z PASSED tests/test_research_growth_ablation.py::test_source_or_hash_drift_blocks_final_data[source]
2026-10-07T03:00:00.0465959Z PASSED tests/test_research_growth_ablation.py::test_source_or_hash_drift_blocks_final_data[implementation_hash]
2026-10-07T03:00:00.0466725Z PASSED tests/test_research_growth_ablation.py::test_preadmission_paths_never_import_torch_in_a_fresh_process[describe]
2026-10-07T03:00:00.0467643Z PASSED tests/test_research_growth_ablation.py::test_preadmission_paths_never_import_torch_in_a_fresh_process[low_ram]
2026-10-07T03:00:00.0468417Z PASSED tests/test_research_item6_worker.py::test_owned_archive_preserves_source_head_and_excludes_unrelated_files
2026-10-07T03:00:00.0468986Z SKIPPED [1] tests/test_core.py:135: sin CIFAR-10 local
2026-10-07T03:00:00.3229093Z 